<html>
<body>
<pre>
<h1>µVision Build Log</h1>
<h2>Tool Versions:</h2>
IDE-Version: µVision V5.31.0.0
Copyright (C) 2020 ARM Ltd and ARM Germany GmbH. All rights reserved.
License Information: aaa ADMIN, vt, LIC=VGXG8-3KK0H-NNEAF-6P0K2-MJ3C8-M16FN
 
Tool Versions:
Toolchain:       MDK-ARM Plus  Version: 5.31.0.0
Toolchain Path:  C:\Keil_v5\ARM\ARMCC\Bin
C Compiler:      Armcc.exe V5.06 update 6 (build 750)
Assembler:       Armasm.exe V5.06 update 6 (build 750)
Linker/Locator:  ArmLink.exe V5.06 update 6 (build 750)
Library Manager: ArmAr.exe V5.06 update 6 (build 750)
Hex Converter:   FromElf.exe V5.06 update 6 (build 750)
CPU DLL:         SARMCM3.DLL V5.31.0.0
Dialog DLL:      DCM.DLL V1.17.3.0
Target DLL:      STLink\ST-LINKIII-KEIL_SWO.dll V3.0.7.0
Dialog DLL:      TCM.DLL V1.46.0.0
 
<h2>Project:</h2>
C:\Users\ADMIN\Google Drive\Chute_Board__\Chute_Board_v2.0_Master_test\MDK-ARM\Chute_Board_v2.0.uvprojx
Project File Date:  10/14/2024

<h2>Output:</h2>
*** Using Compiler 'V5.06 update 6 (build 750)', folder: 'C:\Keil_v5\ARM\ARMCC\Bin'
Build target 'Chute_Board_v2.0'
compiling main.c...
../Core/Inc/rs485.h(77): warning:  #1-D: last line of file ends without a newline
  	
../Core/Inc/flash_f103c8t6.h(67): warning:  #1-D: last line of file ends without a newline
  #endif /* FLASH_F103C8T6_H*/
../Core/Src/main.c: 2 warnings, 0 errors
compiling user.c...
../Core/Inc/rs485.h(77): warning:  #1-D: last line of file ends without a newline
  	
../Core/Inc/flash_f103c8t6.h(67): warning:  #1-D: last line of file ends without a newline
  #endif /* FLASH_F103C8T6_H*/
..\Core\Src\user.c: 2 warnings, 0 errors
linking...
Program Size: Code=12164 RO-data=1496 RW-data=92 ZI-data=2524  
FromELF: creating hex file...
"Chute_Board_v2.0\Chute_Board_v2.0" - 0 Error(s), 4 Warning(s).

<h2>Software Packages used:</h2>

Package Vendor: ARM
                http://www.keil.com/pack/ARM.CMSIS.5.9.0.pack
                ARM.CMSIS.5.9.0
                CMSIS (Common Microcontroller Software Interface Standard)
   * Component: CORE Version: 5.6.0

Package Vendor: Keil
                http://www.keil.com/pack/Keil.STM32F1xx_DFP.2.4.0.pack
                Keil.STM32F1xx_DFP.2.4.0
                STMicroelectronics STM32F1 Series Device Support, Drivers and Examples

<h2>Collection of Component include folders:</h2>
  .\RTE\_Chute_Board_v2.0
  C:\Users\ADMIN\AppData\Local\Arm\Packs\ARM\CMSIS\5.9.0\CMSIS\Core\Include
  C:\Users\ADMIN\AppData\Local\Arm\Packs\Keil\STM32F1xx_DFP\2.4.0\Device\Include

<h2>Collection of Component Files used:</h2>

   * Component: ARM::CMSIS:CORE:5.6.0
      Include file:  CMSIS\Core\Include\tz_context.h
Build Time Elapsed:  00:00:03
</pre>
</body>
</html>
