Component: ARM Compiler 5.06 update 6 (build 750) Tool: armlink [4d35ed]

==============================================================================

Section Cross References

    startup_stm32f103xb.o(STACK) refers (Special) to heapauxi.o(.text) for __use_two_region_memory
    startup_stm32f103xb.o(HEAP) refers (Special) to heapauxi.o(.text) for __use_two_region_memory
    startup_stm32f103xb.o(RESET) refers (Special) to heapauxi.o(.text) for __use_two_region_memory
    startup_stm32f103xb.o(RESET) refers to startup_stm32f103xb.o(STACK) for __initial_sp
    startup_stm32f103xb.o(RESET) refers to startup_stm32f103xb.o(.text) for Reset_Handler
    startup_stm32f103xb.o(RESET) refers to stm32f1xx_it.o(i.NMI_Handler) for NMI_Handler
    startup_stm32f103xb.o(RESET) refers to stm32f1xx_it.o(i.HardFault_Handler) for HardFault_Handler
    startup_stm32f103xb.o(RESET) refers to stm32f1xx_it.o(i.MemManage_Handler) for MemManage_Handler
    startup_stm32f103xb.o(RESET) refers to stm32f1xx_it.o(i.BusFault_Handler) for BusFault_Handler
    startup_stm32f103xb.o(RESET) refers to stm32f1xx_it.o(i.UsageFault_Handler) for UsageFault_Handler
    startup_stm32f103xb.o(RESET) refers to stm32f1xx_it.o(i.SVC_Handler) for SVC_Handler
    startup_stm32f103xb.o(RESET) refers to stm32f1xx_it.o(i.DebugMon_Handler) for DebugMon_Handler
    startup_stm32f103xb.o(RESET) refers to stm32f1xx_it.o(i.PendSV_Handler) for PendSV_Handler
    startup_stm32f103xb.o(RESET) refers to stm32f1xx_it.o(i.SysTick_Handler) for SysTick_Handler
    startup_stm32f103xb.o(RESET) refers to stm32f1xx_it.o(i.DMA1_Channel2_IRQHandler) for DMA1_Channel2_IRQHandler
    startup_stm32f103xb.o(RESET) refers to stm32f1xx_it.o(i.DMA1_Channel3_IRQHandler) for DMA1_Channel3_IRQHandler
    startup_stm32f103xb.o(RESET) refers to stm32f1xx_it.o(i.DMA1_Channel6_IRQHandler) for DMA1_Channel6_IRQHandler
    startup_stm32f103xb.o(RESET) refers to stm32f1xx_it.o(i.DMA1_Channel7_IRQHandler) for DMA1_Channel7_IRQHandler
    startup_stm32f103xb.o(RESET) refers to stm32f1xx_it.o(i.TIM1_UP_IRQHandler) for TIM1_UP_IRQHandler
    startup_stm32f103xb.o(RESET) refers to stm32f1xx_it.o(i.TIM2_IRQHandler) for TIM2_IRQHandler
    startup_stm32f103xb.o(RESET) refers to stm32f1xx_it.o(i.USART2_IRQHandler) for USART2_IRQHandler
    startup_stm32f103xb.o(RESET) refers to stm32f1xx_it.o(i.USART3_IRQHandler) for USART3_IRQHandler
    startup_stm32f103xb.o(.text) refers (Special) to heapauxi.o(.text) for __use_two_region_memory
    startup_stm32f103xb.o(.text) refers to system_stm32f1xx.o(i.SystemInit) for SystemInit
    startup_stm32f103xb.o(.text) refers to __main.o(!!!main) for __main
    startup_stm32f103xb.o(.text) refers to startup_stm32f103xb.o(HEAP) for Heap_Mem
    startup_stm32f103xb.o(.text) refers to startup_stm32f103xb.o(STACK) for Stack_Mem
    user.o(i.BlinkLed_Debug) refers to stm32f1xx_hal_gpio.o(i.HAL_GPIO_TogglePin) for HAL_GPIO_TogglePin
    user.o(i.BlinkLed_Debug) refers to user.o(.data) for .data
    user.o(i.Check_connection_Slave) refers to user.o(.data) for .data
    user.o(i.Check_connection_Slave) refers to slave.o(.bss) for List_Chute_Arr
    user.o(i.Flash_Led) refers to stm32f1xx_hal_gpio.o(i.HAL_GPIO_WritePin) for HAL_GPIO_WritePin
    user.o(i.Flash_Led) refers to user.o(.data) for .data
    user.o(i.HAL_TIM_PeriodElapsedCallback) refers to user.o(i.Flash_Led) for Flash_Led
    user.o(i.HAL_TIM_PeriodElapsedCallback) refers to user.o(i.Check_connection_Slave) for Check_connection_Slave
    user.o(i.HAL_TIM_PeriodElapsedCallback) refers to main.o(.bss) for htim1
    user.o(i.HAL_TIM_PeriodElapsedCallback) refers to user.o(.data) for .data
    user.o(i.HAL_TIM_PeriodElapsedCallback) refers to main.o(.data) for auto_send
    user.o(i.Master_Init_Func) refers to stm32f1xx_hal_gpio.o(i.HAL_GPIO_ReadPin) for HAL_GPIO_ReadPin
    user.o(i.Master_Init_Func) refers to user.o(.data) for .data
    user.o(i.Master_Init_Func) refers to main.o(.bss) for huart2
    user.o(i.Master_Process) refers to user.o(i.Send_Slave_Period) for Send_Slave_Period
    user.o(i.Send_Slave_Period) refers to slave.o(i.On_Mode_Send_Slave) for On_Mode_Send_Slave
    user.o(i.Send_Slave_Period) refers to slave.o(i.Send_Slave_Sync) for Send_Slave_Sync
    user.o(i.Send_Slave_Period) refers to slave.o(i.SendCMD_Slave) for SendCMD_Slave
    user.o(i.Send_Slave_Period) refers to user.o(.data) for .data
    user.o(i.getMicroSecond) refers to main.o(.bss) for htim1
    user.o(i.getMicroSecond) refers to user.o(.data) for .data
    slave.o(i.HAL_UART_RxCpltCallback) refers to slave.o(i.Read_Slave) for Read_Slave
    slave.o(i.HAL_UART_RxCpltCallback) refers to slave.o(i.Handle_Slave_RX) for Handle_Slave_RX
    slave.o(i.HAL_UART_RxCpltCallback) refers to slave.o(.bss) for .bss
    slave.o(i.HAL_UART_RxCpltCallback) refers to slave.o(.data) for .data
    slave.o(i.Handle_Slave_RX) refers to slave.o(.data) for .data
    slave.o(i.Handle_Slave_RX) refers to slave.o(.bss) for .bss
[...]
    Removing stm32f1xx_hal_uart.o(i.HAL_HalfDuplex_EnableReceiver), (50 bytes).
    Removing stm32f1xx_hal_uart.o(i.HAL_HalfDuplex_EnableTransmitter), (50 bytes).
    Removing stm32f1xx_hal_uart.o(i.HAL_HalfDuplex_Init), (110 bytes).
    Removing stm32f1xx_hal_uart.o(i.HAL_LIN_Init), (130 bytes).
    Removing stm32f1xx_hal_uart.o(i.HAL_LIN_SendBreak), (60 bytes).
    Removing stm32f1xx_hal_uart.o(i.HAL_MultiProcessor_EnterMuteMode), (62 bytes).
    Removing stm32f1xx_hal_uart.o(i.HAL_MultiProcessor_ExitMuteMode), (62 bytes).
    Removing stm32f1xx_hal_uart.o(i.HAL_MultiProcessor_Init), (144 bytes).
    Removing stm32f1xx_hal_uart.o(i.HAL_UARTEx_GetRxEventType), (4 bytes).
    Removing stm32f1xx_hal_uart.o(i.HAL_UARTEx_ReceiveToIdle), (240 bytes).
    Removing stm32f1xx_hal_uart.o(i.HAL_UARTEx_ReceiveToIdle_DMA), (74 bytes).
    Removing stm32f1xx_hal_uart.o(i.HAL_UARTEx_ReceiveToIdle_IT), (78 bytes).
    Removing stm32f1xx_hal_uart.o(i.HAL_UART_Abort), (210 bytes).
    Removing stm32f1xx_hal_uart.o(i.HAL_UART_AbortCpltCallback), (2 bytes).
    Removing stm32f1xx_hal_uart.o(i.HAL_UART_AbortReceive), (148 bytes).
    Removing stm32f1xx_hal_uart.o(i.HAL_UART_AbortReceiveCpltCallback), (2 bytes).
    Removing stm32f1xx_hal_uart.o(i.HAL_UART_AbortReceive_IT), (152 bytes).
    Removing stm32f1xx_hal_uart.o(i.HAL_UART_AbortTransmit), (98 bytes).
    Removing stm32f1xx_hal_uart.o(i.HAL_UART_AbortTransmitCpltCallback), (2 bytes).
    Removing stm32f1xx_hal_uart.o(i.HAL_UART_AbortTransmit_IT), (104 bytes).
    Removing stm32f1xx_hal_uart.o(i.HAL_UART_Abort_IT), (244 bytes).
    Removing stm32f1xx_hal_uart.o(i.HAL_UART_DMAPause), (120 bytes).
    Removing stm32f1xx_hal_uart.o(i.HAL_UART_DMAResume), (114 bytes).
    Removing stm32f1xx_hal_uart.o(i.HAL_UART_DMAStop), (112 bytes).
    Removing stm32f1xx_hal_uart.o(i.HAL_UART_DeInit), (54 bytes).
    Removing stm32f1xx_hal_uart.o(i.HAL_UART_GetError), (4 bytes).
    Removing stm32f1xx_hal_uart.o(i.HAL_UART_GetState), (10 bytes).
    Removing stm32f1xx_hal_uart.o(i.HAL_UART_MspDeInit), (2 bytes).
    Removing stm32f1xx_hal_uart.o(i.HAL_UART_MspInit), (2 bytes).
    Removing stm32f1xx_hal_uart.o(i.HAL_UART_Receive), (176 bytes).
    Removing stm32f1xx_hal_uart.o(i.HAL_UART_Receive_DMA), (28 bytes).
    Removing stm32f1xx_hal_uart.o(i.HAL_UART_RxCpltCallback), (2 bytes).
    Removing stm32f1xx_hal_uart.o(i.HAL_UART_RxHalfCpltCallback), (2 bytes).
    Removing stm32f1xx_hal_uart.o(i.HAL_UART_Transmit), (160 bytes).
    Removing stm32f1xx_hal_uart.o(i.HAL_UART_Transmit_IT), (50 bytes).
    Removing stm32f1xx_hal_uart.o(i.UART_DMAReceiveCplt), (134 bytes).
    Removing stm32f1xx_hal_uart.o(i.UART_DMARxAbortCallback), (44 bytes).
    Removing stm32f1xx_hal_uart.o(i.UART_DMARxHalfCplt), (30 bytes).
    Removing stm32f1xx_hal_uart.o(i.UART_DMARxOnlyAbortCallback), (22 bytes).
    Removing stm32f1xx_hal_uart.o(i.UART_DMATxAbortCallback), (44 bytes).
    Removing stm32f1xx_hal_uart.o(i.UART_DMATxOnlyAbortCallback), (20 bytes).
    Removing stm32f1xx_hal_uart.o(i.UART_Start_Receive_DMA), (144 bytes).
    Removing stm32f1xx_hal_uart.o(i.UART_WaitOnFlagUntilTimeout), (114 bytes).
    Removing system_stm32f1xx.o(.rev16_text), (4 bytes).
    Removing system_stm32f1xx.o(.revsh_text), (4 bytes).
    Removing system_stm32f1xx.o(.rrx_text), (6 bytes).
    Removing system_stm32f1xx.o(i.SystemCoreClockUpdate), (104 bytes).

379 unused section(s) (total 24546 bytes) removed from the image.

==============================================================================

Image Symbol Table

    Local Symbols

    Symbol Name                              Value     Ov Type        Size  Object(Section)

    ../Core/Src/main.c                       0x00000000   Number         0  main.o ABSOLUTE
    ../Core/Src/stm32f1xx_hal_msp.c          0x00000000   Number         0  stm32f1xx_hal_msp.o ABSOLUTE
    ../Core/Src/stm32f1xx_it.c               0x00000000   Number         0  stm32f1xx_it.o ABSOLUTE
    ../Core/Src/system_stm32f1xx.c           0x00000000   Number         0  system_stm32f1xx.o ABSOLUTE
    ../Drivers/STM32F1xx_HAL_Driver/Src/stm32f1xx_hal.c 0x00000000   Number         0  stm32f1xx_hal.o ABSOLUTE
    ../Drivers/STM32F1xx_HAL_Driver/Src/stm32f1xx_hal_cortex.c 0x00000000   Number         0  stm32f1xx_hal_cortex.o ABSOLUTE
    ../Drivers/STM32F1xx_HAL_Driver/Src/stm32f1xx_hal_dma.c 0x00000000   Number         0  stm32f1xx_hal_dma.o ABSOLUTE
    ../Drivers/STM32F1xx_HAL_Driver/Src/stm32f1xx_hal_exti.c 0x00000000   Number         0  stm32f1xx_hal_exti.o ABSOLUTE
    ../Drivers/STM32F1xx_HAL_Driver/Src/stm32f1xx_hal_flash.c 0x00000000   Number         0  stm32f1xx_hal_flash.o ABSOLUTE
    ../Drivers/STM32F1xx_HAL_Driver/Src/stm32f1xx_hal_flash_ex.c 0x00000000   Number         0  stm32f1xx_hal_flash_ex.o ABSOLUTE
    ../Drivers/STM32F1xx_HAL_Driver/Src/stm32f1xx_hal_gpio.c 0x00000000   Number         0  stm32f1xx_hal_gpio.o ABSOLUTE
    ../Drivers/STM32F1xx_HAL_Driver/Src/stm32f1xx_hal_gpio_ex.c 0x00000000   Number         0  stm32f1xx_hal_gpio_ex.o ABSOLUTE
    ../Drivers/STM32F1xx_HAL_Driver/Src/stm32f1xx_hal_pwr.c 0x00000000   Number         0  stm32f1xx_hal_pwr.o ABSOLUTE
    ../Drivers/STM32F1xx_HAL_Driver/Src/stm32f1xx_hal_rcc.c 0x00000000   Number         0  stm32f1xx_hal_rcc.o ABSOLUTE
    ../Drivers/STM32F1xx_HAL_Driver/Src/stm32f1xx_hal_rcc_ex.c 0x00000000   Number         0  stm32f1xx_hal_rcc_ex.o ABSOLUTE
    ../Drivers/STM32F1xx_HAL_Driver/Src/stm32f1xx_hal_tim.c 0x00000000   Number         0  stm32f1xx_hal_tim.o ABSOLUTE
    ../Drivers/STM32F1xx_HAL_Driver/Src/stm32f1xx_hal_tim_ex.c 0x00000000   Number         0  stm32f1xx_hal_tim_ex.o ABSOLUTE
    ../Drivers/STM32F1xx_HAL_Driver/Src/stm32f1xx_hal_uart.c 0x00000000   Number         0  stm32f1xx_hal_uart.o ABSOLUTE
    ../clib/angel/boardlib.s                 0x00000000   Number         0  boardshut.o ABSOLUTE
    ../clib/angel/boardlib.s                 0x00000000   Number         0  boardinit1.o ABSOLUTE
    ../clib/angel/boardlib.s                 0x00000000   Number         0  boardinit3.o ABSOLUTE
    ../clib/angel/boardlib.s                 0x00000000   Number         0  boardinit2.o ABSOLUTE
    ../clib/angel/handlers.s                 0x00000000   Number         0  __scatter_copy.o ABSOLUTE
    ../clib/angel/handlers.s                 0x00000000   Number         0  __scatter_zi.o ABSOLUTE
    ../clib/angel/kernel.s                   0x00000000   Number         0  rtexit.o ABSOLUTE
    ../clib/angel/kernel.s                   0x00000000   Number         0  rtexit2.o ABSOLUTE
    ../clib/angel/kernel.s                   0x00000000   Number         0  __rtentry.o ABSOLUTE
    ../clib/angel/kernel.s                   0x00000000   Number         0  __rtentry4.o ABSOLUTE
    ../clib/angel/kernel.s                   0x00000000   Number         0  __rtentry2.o ABSOLUTE
    ../clib/angel/rt.s                       0x00000000   Number         0  rt_raise.o ABSOLUTE
    ../clib/angel/scatter.s                  0x00000000   Number         0  __scatter.o ABSOLUTE
    ../clib/angel/startup.s                  0x00000000   Number         0  __main.o ABSOLUTE
    ../clib/angel/sys.s                      0x00000000   Number         0  libspace.o ABSOLUTE
    ../clib/angel/sys.s                      0x00000000   Number         0  use_no_semi.o ABSOLUTE
    ../clib/angel/sys.s                      0x00000000   Number         0  sys_stackheap_outer.o ABSOLUTE
    ../clib/angel/sys.s                      0x00000000   Number         0  indicate_semi.o ABSOLUTE
    ../clib/angel/sysapp.c                   0x00000000   Number         0  sys_exit.o ABSOLUTE
    ../clib/angel/sysapp.c                   0x00000000   Number         0  sys_command.o ABSOLUTE
    ../clib/angel/sysapp.c                   0x00000000   Number         0  sys_wrch.o ABSOLUTE
    ../clib/armsys.c                         0x00000000   Number         0  argv_veneer.o ABSOLUTE
    ../clib/armsys.c                         0x00000000   Number         0  argv_veneer.o ABSOLUTE
    ../clib/armsys.c                         0x00000000   Number         0  _get_argv_nomalloc.o ABSOLUTE
    ../clib/armsys.c                         0x00000000   Number         0  no_argv.o ABSOLUTE
    ../clib/heapalloc.c                      0x00000000   Number         0  hrguard.o ABSOLUTE
    ../clib/heapaux.c                        0x00000000   Number         0  heapauxi.o ABSOLUTE
    ../clib/libinit.s                        0x00000000   Number         0  libshutdown.o ABSOLUTE
    ../clib/libinit.s                        0x00000000   Number         0  libinit.o ABSOLUTE
    ../clib/libinit.s                        0x00000000   Number         0  libshutdown2.o ABSOLUTE
    ../clib/libinit.s                        0x00000000   Number         0  libinit2.o ABSOLUTE
    ../clib/longlong.s                       0x00000000   Number         0  llushr.o ABSOLUTE
    ../clib/memcpset.s                       0x00000000   Number         0  rt_memclr.o ABSOLUTE
    ../clib/memcpset.s                       0x00000000   Number         0  aeabi_memset.o ABSOLUTE
    ../clib/memcpset.s                       0x00000000   Number         0  rt_memclr_w.o ABSOLUTE
    ../clib/signal.c                         0x00000000   Number         0  defsig_rtmem_outer.o ABSOLUTE
    ../clib/signal.c                         0x00000000   Number         0  defsig_rtmem_formal.o ABSOLUTE
    ../clib/signal.c                         0x00000000   Number         0  defsig_exit.o ABSOLUTE
    ../clib/signal.c                         0x00000000   Number         0  defsig_rtmem_inner.o ABSOLUTE
    ../clib/signal.c                         0x00000000   Number         0  __raise.o ABSOLUTE
    ../clib/signal.c                         0x00000000   Number         0  defsig_general.o ABSOLUTE
    ../clib/signal.c                         0x00000000   Number         0  defsig_other.o ABSOLUTE
    ../clib/signal.c                         0x00000000   Number         0  defsig_segv_inner.o ABSOLUTE
    ../clib/signal.c                         0x00000000   Number         0  defsig_cppl_inner.o ABSOLUTE
    ../clib/signal.c                         0x00000000   Number         0  defsig_pvfn_inner.o ABSOLUTE
    ../clib/signal.c                         0x00000000   Number         0  defsig_stak_inner.o ABSOLUTE
    ../clib/signal.c                         0x00000000   Number         0  defsig_rtred_inner.o ABSOLUTE
    ../clib/signal.c                         0x00000000   Number         0  defsig_fpe_inner.o ABSOLUTE
    ../clib/signal.c                         0x00000000   Number         0  defsig_abrt_inner.o ABSOLUTE
    ../clib/signal.s                         0x00000000   Number         0  defsig.o ABSOLUTE
    ../clib/stdlib.c                         0x00000000   Number         0  exit.o ABSOLUTE
    ../fplib/fdiv.s                          0x00000000   Number         0  fdiv.o ABSOLUTE
    ../fplib/fflt.s                          0x00000000   Number         0  fflt_clz.o ABSOLUTE
    ../fplib/fmul.s                          0x00000000   Number         0  fmul.o ABSOLUTE
    ../fplib/fnaninf.s                       0x00000000   Number         0  fnaninf.o ABSOLUTE
    ../fplib/fpinit.s                        0x00000000   Number         0  fpinit.o ABSOLUTE
    ../fplib/fretinf.s                       0x00000000   Number         0  fretinf.o ABSOLUTE
    ../fplib/usenofp.s                       0x00000000   Number         0  usenofp.o ABSOLUTE
    ..\Core\Src\app.c                        0x00000000   Number         0  app.o ABSOLUTE
    ..\Core\Src\main.c                       0x00000000   Number         0  main.o ABSOLUTE
    ..\Core\Src\slave.c                      0x00000000   Number         0  slave.o ABSOLUTE
    ..\Core\Src\stm32f1xx_hal_msp.c          0x00000000   Number         0  stm32f1xx_hal_msp.o ABSOLUTE
    ..\Core\Src\stm32f1xx_it.c               0x00000000   Number         0  stm32f1xx_it.o ABSOLUTE
    ..\Core\Src\system_stm32f1xx.c           0x00000000   Number         0  system_stm32f1xx.o ABSOLUTE
    ..\Core\Src\user.c                       0x00000000   Number         0  user.o ABSOLUTE
    ..\Drivers\STM32F1xx_HAL_Driver\Src\stm32f1xx_hal.c 0x00000000   Number         0  stm32f1xx_hal.o ABSOLUTE
    ..\Drivers\STM32F1xx_HAL_Driver\Src\stm32f1xx_hal_cortex.c 0x00000000   Number         0  stm32f1xx_hal_cortex.o ABSOLUTE
    ..\Drivers\STM32F1xx_HAL_Driver\Src\stm32f1xx_hal_dma.c 0x00000000   Number         0  stm32f1xx_hal_dma.o ABSOLUTE
    ..\Drivers\STM32F1xx_HAL_Driver\Src\stm32f1xx_hal_exti.c 0x00000000   Number         0  stm32f1xx_hal_exti.o ABSOLUTE
    ..\Drivers\STM32F1xx_HAL_Driver\Src\stm32f1xx_hal_flash.c 0x00000000   Number         0  stm32f1xx_hal_flash.o ABSOLUTE
    ..\Drivers\STM32F1xx_HAL_Driver\Src\stm32f1xx_hal_flash_ex.c 0x00000000   Number         0  stm32f1xx_hal_flash_ex.o ABSOLUTE
    ..\Drivers\STM32F1xx_HAL_Driver\Src\stm32f1xx_hal_gpio.c 0x00000000   Number         0  stm32f1xx_hal_gpio.o ABSOLUTE
    ..\Drivers\STM32F1xx_HAL_Driver\Src\stm32f1xx_hal_gpio_ex.c 0x00000000   Number         0  stm32f1xx_hal_gpio_ex.o ABSOLUTE
    ..\Drivers\STM32F1xx_HAL_Driver\Src\stm32f1xx_hal_pwr.c 0x00000000   Number         0  stm32f1xx_hal_pwr.o ABSOLUTE
    ..\Drivers\STM32F1xx_HAL_Driver\Src\stm32f1xx_hal_rcc.c 0x00000000   Number         0  stm32f1xx_hal_rcc.o ABSOLUTE
    ..\Drivers\STM32F1xx_HAL_Driver\Src\stm32f1xx_hal_rcc_ex.c 0x00000000   Number         0  stm32f1xx_hal_rcc_ex.o ABSOLUTE
    ..\Drivers\STM32F1xx_HAL_Driver\Src\stm32f1xx_hal_tim.c 0x00000000   Number         0  stm32f1xx_hal_tim.o ABSOLUTE
    ..\Drivers\STM32F1xx_HAL_Driver\Src\stm32f1xx_hal_tim_ex.c 0x00000000   Number         0  stm32f1xx_hal_tim_ex.o ABSOLUTE
    ..\Drivers\STM32F1xx_HAL_Driver\Src\stm32f1xx_hal_uart.c 0x00000000   Number         0  stm32f1xx_hal_uart.o ABSOLUTE
    ..\\Core\\Src\\app.c                     0x00000000   Number         0  app.o ABSOLUTE
    ..\\Core\\Src\\slave.c                   0x00000000   Number         0  slave.o ABSOLUTE
    ..\\Core\\Src\\user.c                    0x00000000   Number         0  user.o ABSOLUTE
    dc.s                                     0x00000000   Number         0  dc.o ABSOLUTE
    startup_stm32f103xb.s                    0x00000000   Number         0  startup_stm32f103xb.o ABSOLUTE
    RESET                                    0x08000000   Section      236  startup_stm32f103xb.o(RESET)
    !!!main                                  0x080000ec   Section        8  __main.o(!!!main)
    !!!scatter                               0x080000f4   Section       52  __scatter.o(!!!scatter)
    !!handler_copy                           0x08000128   Section       26  __scatter_copy.o(!!handler_copy)
    !!handler_zi                             0x08000144   Section       28  __scatter_zi.o(!!handler_zi)
    .ARM.Collect$$libinit$$00000000          0x08000160   Section        2  libinit.o(.ARM.Collect$$libinit$$00000000)
    .ARM.Collect$$libinit$$00000002          0x08000162   Section        0  libinit2.o(.ARM.Collect$$libinit$$00000002)
    .ARM.Collect$$libinit$$00000004          0x08000162   Section        0  libinit2.o(.ARM.Collect$$libinit$$00000004)
    .ARM.Collect$$libinit$$0000000A          0x08000162   Section        0  libinit2.o(.ARM.Collect$$libinit$$0000000A)
    .ARM.Collect$$libinit$$0000000C          0x08000162   Section        0  libinit2.o(.ARM.Collect$$libinit$$0000000C)
    .ARM.Collect$$libinit$$0000000E          0x08000162   Section        0  libinit2.o(.ARM.Collect$$libinit$$0000000E)
    .ARM.Collect$$libinit$$00000011          0x08000162   Section        0  libinit2.o(.ARM.Collect$$libinit$$00000011)
    .ARM.Collect$$libinit$$00000013          0x08000162   Section        0  libinit2.o(.ARM.Collect$$libinit$$00000013)
    .ARM.Collect$$libinit$$00000015          0x08000162   Section        0  libinit2.o(.ARM.Collect$$libinit$$00000015)
    .ARM.Collect$$libinit$$00000017          0x08000162   Section        0  libinit2.o(.ARM.Collect$$libinit$$00000017)
    .ARM.Collect$$libinit$$00000019          0x08000162   Section        0  libinit2.o(.ARM.Collect$$libinit$$00000019)
    .ARM.Collect$$libinit$$0000001B          0x08000162   Section        0  libinit2.o(.ARM.Collect$$libinit$$0000001B)
    .ARM.Collect$$libinit$$0000001D          0x08000162   Section        0  libinit2.o(.ARM.Collect$$libinit$$0000001D)
    .ARM.Collect$$libinit$$0000001F          0x08000162   Section        0  libinit2.o(.ARM.Collect$$libinit$$0000001F)
    .ARM.Collect$$libinit$$00000021          0x08000162   Section        0  libinit2.o(.ARM.Collect$$libinit$$00000021)
    .ARM.Collect$$libinit$$00000023          0x08000162   Section        0  libinit2.o(.ARM.Collect$$libinit$$00000023)
    .ARM.Collect$$libinit$$00000025          0x08000162   Section        0  libinit2.o(.ARM.Collect$$libinit$$00000025)
    .ARM.Collect$$libinit$$0000002C          0x08000162   Section        0  libinit2.o(.ARM.Collect$$libinit$$0000002C)
    .ARM.Collect$$libinit$$0000002E          0x08000162   Section        0  libinit2.o(.ARM.Collect$$libinit$$0000002E)
    .ARM.Collect$$libinit$$00000030          0x08000162   Section        0  libinit2.o(.ARM.Collect$$libinit$$00000030)
    .ARM.Collect$$libinit$$00000032          0x08000162   Section        0  libinit2.o(.ARM.Collect$$libinit$$00000032)
    .ARM.Collect$$libinit$$00000033          0x08000162   Section        2  libinit2.o(.ARM.Collect$$libinit$$00000033)
    .ARM.Collect$$libshutdown$$00000000      0x08000164   Section        2  libshutdown.o(.ARM.Collect$$libshutdown$$00000000)
    .ARM.Collect$$libshutdown$$00000002      0x08000166   Section        0  libshutdown2.o(.ARM.Collect$$libshutdown$$00000002)
    .ARM.Collect$$libshutdown$$00000004      0x08000166   Section        0  libshutdown2.o(.ARM.Collect$$libshutdown$$00000004)
    .ARM.Collect$$libshutdown$$00000007      0x08000166   Section        0  libshutdown2.o(.ARM.Collect$$libshutdown$$00000007)
    .ARM.Collect$$libshutdown$$0000000A      0x08000166   Section        0  libshutdown2.o(.ARM.Collect$$libshutdown$$0000000A)
    .ARM.Collect$$libshutdown$$0000000C      0x08000166   Section        0  libshutdown2.o(.ARM.Collect$$libshutdown$$0000000C)
    .ARM.Collect$$libshutdown$$0000000F      0x08000166   Section        0  libshutdown2.o(.ARM.Collect$$libshutdown$$0000000F)
    .ARM.Collect$$libshutdown$$00000010      0x08000166   Section        2  libshutdown2.o(.ARM.Collect$$libshutdown$$00000010)
    .ARM.Collect$$rtentry$$00000000          0x08000168   Section        0  __rtentry.o(.ARM.Collect$$rtentry$$00000000)
    .ARM.Collect$$rtentry$$00000002          0x08000168   Section        0  __rtentry2.o(.ARM.Collect$$rtentry$$00000002)
    .ARM.Collect$$rtentry$$00000004          0x08000168   Section        6  __rtentry4.o(.ARM.Collect$$rtentry$$00000004)
    .ARM.Collect$$rtentry$$00000009          0x0800016e   Section        0  __rtentry2.o(.ARM.Collect$$rtentry$$00000009)
    .ARM.Collect$$rtentry$$0000000A          0x0800016e   Section        4  __rtentry2.o(.ARM.Collect$$rtentry$$0000000A)
    .ARM.Collect$$rtentry$$0000000C          0x08000172   Section        0  __rtentry2.o(.ARM.Collect$$rtentry$$0000000C)
    .ARM.Collect$$rtentry$$0000000D          0x08000172   Section        8  __rtentry2.o(.ARM.Collect$$rtentry$$0000000D)
    .ARM.Collect$$rtexit$$00000000           0x0800017a   Section        2  rtexit.o(.ARM.Collect$$rtexit$$00000000)
    .ARM.Collect$$rtexit$$00000002           0x0800017c   Section        0  rtexit2.o(.ARM.Collect$$rtexit$$00000002)
    .ARM.Collect$$rtexit$$00000003           0x0800017c   Section        4  rtexit2.o(.ARM.Collect$$rtexit$$00000003)
    .ARM.Collect$$rtexit$$00000004           0x08000180   Section        6  rtexit2.o(.ARM.Collect$$rtexit$$00000004)
    .text                                    0x08000188   Section       64  startup_stm32f103xb.o(.text)
    .text                                    0x080001c8   Section       16  aeabi_memset.o(.text)
    .text                                    0x080001d8   Section       78  rt_memclr_w.o(.text)
    .text                                    0x08000226   Section        0  heapauxi.o(.text)
    .text                                    0x0800022c   Section       68  rt_memclr.o(.text)
    .text                                    0x08000270   Section       74  sys_stackheap_outer.o(.text)
    .text                                    0x080002ba   Section        0  exit.o(.text)
    .text                                    0x080002cc   Section        8  libspace.o(.text)
    .text                                    0x080002d4   Section        0  sys_exit.o(.text)
    .text                                    0x080002e0   Section        2  use_no_semi.o(.text)
    .text                                    0x080002e2   Section        0  indicate_semi.o(.text)
    i.BusFault_Handler                       0x080002e2   Section        0  stm32f1xx_it.o(i.BusFault_Handler)
    i.Cal_CheckSum                           0x080002e4   Section        0  user.o(i.Cal_CheckSum)
    i.Check_connection_Slave                 0x08000300   Section        0  user.o(i.Check_connection_Slave)
    i.DMA1_Channel2_IRQHandler               0x0800034c   Section        0  stm32f1xx_it.o(i.DMA1_Channel2_IRQHandler)
    i.DMA1_Channel3_IRQHandler               0x08000358   Section        0  stm32f1xx_it.o(i.DMA1_Channel3_IRQHandler)
    i.DMA1_Channel6_IRQHandler               0x08000364   Section        0  stm32f1xx_it.o(i.DMA1_Channel6_IRQHandler)
    i.DMA1_Channel7_IRQHandler               0x08000370   Section        0  stm32f1xx_it.o(i.DMA1_Channel7_IRQHandler)
    i.DMA_SetConfig                          0x0800037c   Section        0  stm32f1xx_hal_dma.o(i.DMA_SetConfig)
    DMA_SetConfig                            0x0800037d   Thumb Code    42  stm32f1xx_hal_dma.o(i.DMA_SetConfig)
    i.DebugMon_Handler                       0x080003a6   Section        0  stm32f1xx_it.o(i.DebugMon_Handler)
    i.Debug_Function                         0x080003a8   Section        0  user.o(i.Debug_Function)
    i.Error_Handler                          0x080003aa   Section        0  main.o(i.Error_Handler)
    i.Flash_Led                              0x080003b0   Section        0  user.o(i.Flash_Led)
    i.HAL_DMA_Abort                          0x08000478   Section        0  stm32f1xx_hal_dma.o(i.HAL_DMA_Abort)
    i.HAL_DMA_Abort_IT                       0x080004c0   Section        0  stm32f1xx_hal_dma.o(i.HAL_DMA_Abort_IT)
    i.HAL_DMA_IRQHandler                     0x08000558   Section        0  stm32f1xx_hal_dma.o(i.HAL_DMA_IRQHandler)
    i.HAL_DMA_Init                           0x080006ac   Section        0  stm32f1xx_hal_dma.o(i.HAL_DMA_Init)
    i.HAL_DMA_Start_IT                       0x08000708   Section        0  stm32f1xx_hal_dma.o(i.HAL_DMA_Start_IT)
    i.HAL_Delay                              0x08000778   Section        0  stm32f1xx_hal.o(i.HAL_Delay)
    i.HAL_GPIO_Init                          0x0800079c   Section        0  stm32f1xx_hal_gpio.o(i.HAL_GPIO_Init)
    i.HAL_GPIO_ReadPin                       0x0800097c   Section        0  stm32f1xx_hal_gpio.o(i.HAL_GPIO_ReadPin)
    i.HAL_GPIO_WritePin                      0x08000986   Section        0  stm32f1xx_hal_gpio.o(i.HAL_GPIO_WritePin)
    i.HAL_GetTick                            0x08000990   Section        0  stm32f1xx_hal.o(i.HAL_GetTick)
    i.HAL_IncTick                            0x0800099c   Section        0  stm32f1xx_hal.o(i.HAL_IncTick)
    i.HAL_Init                               0x080009ac   Section        0  stm32f1xx_hal.o(i.HAL_Init)
    i.HAL_InitTick                           0x080009d0   Section        0  stm32f1xx_hal.o(i.HAL_InitTick)
    i.HAL_MspInit                            0x08000a10   Section        0  stm32f1xx_hal_msp.o(i.HAL_MspInit)
    i.HAL_NVIC_EnableIRQ                     0x08000a4c   Section        0  stm32f1xx_hal_cortex.o(i.HAL_NVIC_EnableIRQ)
    i.HAL_NVIC_SetPriority                   0x08000a68   Section        0  stm32f1xx_hal_cortex.o(i.HAL_NVIC_SetPriority)
    i.HAL_NVIC_SetPriorityGrouping           0x08000aa8   Section        0  stm32f1xx_hal_cortex.o(i.HAL_NVIC_SetPriorityGrouping)
    i.HAL_RCC_ClockConfig                    0x08000acc   Section        0  stm32f1xx_hal_rcc.o(i.HAL_RCC_ClockConfig)
    i.HAL_RCC_GetPCLK1Freq                   0x08000bf8   Section        0  stm32f1xx_hal_rcc.o(i.HAL_RCC_GetPCLK1Freq)
    i.HAL_RCC_GetPCLK2Freq                   0x08000c18   Section        0  stm32f1xx_hal_rcc.o(i.HAL_RCC_GetPCLK2Freq)
    i.HAL_RCC_GetSysClockFreq                0x08000c38   Section        0  stm32f1xx_hal_rcc.o(i.HAL_RCC_GetSysClockFreq)
    i.HAL_RCC_OscConfig                      0x08000c84   Section        0  stm32f1xx_hal_rcc.o(i.HAL_RCC_OscConfig)
    i.HAL_SYSTICK_Config                     0x08000fa4   Section        0  stm32f1xx_hal_cortex.o(i.HAL_SYSTICK_Config)
    i.HAL_TIMEx_BreakCallback                0x08000fcc   Section        0  stm32f1xx_hal_tim_ex.o(i.HAL_TIMEx_BreakCallback)
    i.HAL_TIMEx_CommutCallback               0x08000fce   Section        0  stm32f1xx_hal_tim_ex.o(i.HAL_TIMEx_CommutCallback)
    i.HAL_TIMEx_MasterConfigSynchronization  0x08000fd0   Section        0  stm32f1xx_hal_tim_ex.o(i.HAL_TIMEx_MasterConfigSynchronization)
    i.HAL_TIM_Base_Init                      0x08001038   Section        0  stm32f1xx_hal_tim.o(i.HAL_TIM_Base_Init)
    i.HAL_TIM_Base_MspInit                   0x08001094   Section        0  stm32f1xx_hal_msp.o(i.HAL_TIM_Base_MspInit)
    i.HAL_TIM_Base_Start_IT                  0x080010f4   Section        0  stm32f1xx_hal_tim.o(i.HAL_TIM_Base_Start_IT)
    i.HAL_TIM_ConfigClockSource              0x0800114c   Section        0  stm32f1xx_hal_tim.o(i.HAL_TIM_ConfigClockSource)
    i.HAL_TIM_IC_CaptureCallback             0x08001228   Section        0  stm32f1xx_hal_tim.o(i.HAL_TIM_IC_CaptureCallback)
    i.HAL_TIM_IRQHandler                     0x0800122a   Section        0  stm32f1xx_hal_tim.o(i.HAL_TIM_IRQHandler)
    i.HAL_TIM_OC_DelayElapsedCallback        0x0800135a   Section        0  stm32f1xx_hal_tim.o(i.HAL_TIM_OC_DelayElapsedCallback)
    i.HAL_TIM_PWM_PulseFinishedCallback      0x0800135c   Section        0  stm32f1xx_hal_tim.o(i.HAL_TIM_PWM_PulseFinishedCallback)
    i.HAL_TIM_PeriodElapsedCallback          0x08001360   Section        0  user.o(i.HAL_TIM_PeriodElapsedCallback)
    i.HAL_TIM_TriggerCallback                0x080013dc   Section        0  stm32f1xx_hal_tim.o(i.HAL_TIM_TriggerCallback)
    i.HAL_UARTEx_RxEventCallback             0x080013de   Section        0  stm32f1xx_hal_uart.o(i.HAL_UARTEx_RxEventCallback)
    i.HAL_UART_ErrorCallback                 0x080013e0   Section        0  stm32f1xx_hal_uart.o(i.HAL_UART_ErrorCallback)
    i.HAL_UART_IRQHandler                    0x080013e4   Section        0  stm32f1xx_hal_uart.o(i.HAL_UART_IRQHandler)
    i.HAL_UART_Init                          0x08001650   Section        0  stm32f1xx_hal_uart.o(i.HAL_UART_Init)
    i.HAL_UART_MspInit                       0x080016b4   Section        0  stm32f1xx_hal_msp.o(i.HAL_UART_MspInit)
    i.HAL_UART_Receive_IT                    0x08001898   Section        0  stm32f1xx_hal_uart.o(i.HAL_UART_Receive_IT)
    i.HAL_UART_RxCpltCallback                0x080018b4   Section        0  slave.o(i.HAL_UART_RxCpltCallback)
    i.HAL_UART_Transmit_DMA                  0x080018e0   Section        0  stm32f1xx_hal_uart.o(i.HAL_UART_Transmit_DMA)
    i.HAL_UART_TxCpltCallback                0x08001958   Section        0  stm32f1xx_hal_uart.o(i.HAL_UART_TxCpltCallback)
    i.HAL_UART_TxHalfCpltCallback            0x0800195a   Section        0  stm32f1xx_hal_uart.o(i.HAL_UART_TxHalfCpltCallback)
    i.Handle_Slave_RX                        0x0800195c   Section        0  slave.o(i.Handle_Slave_RX)
    i.HardFault_Handler                      0x08001998   Section        0  stm32f1xx_it.o(i.HardFault_Handler)
    i.MX_GPIO_Init                           0x0800199c   Section        0  main.o(i.MX_GPIO_Init)
    MX_GPIO_Init                             0x0800199d   Thumb Code   262  main.o(i.MX_GPIO_Init)
    i.MX_TIM1_Init                           0x08001ab4   Section        0  main.o(i.MX_TIM1_Init)
    MX_TIM1_Init                             0x08001ab5   Thumb Code    96  main.o(i.MX_TIM1_Init)
    i.MX_TIM2_Init                           0x08001b1c   Section        0  main.o(i.MX_TIM2_Init)
    MX_TIM2_Init                             0x08001b1d   Thumb Code    98  main.o(i.MX_TIM2_Init)
    i.Master_Init_Func                       0x08001b84   Section        0  user.o(i.Master_Init_Func)
    i.Master_Process                         0x08001c50   Section        0  user.o(i.Master_Process)
    i.MemManage_Handler                      0x08001c54   Section        0  stm32f1xx_it.o(i.MemManage_Handler)
    i.NMI_Handler                            0x08001c56   Section        0  stm32f1xx_it.o(i.NMI_Handler)
    i.On_Mode_Receive_Slave                  0x08001c58   Section        0  slave.o(i.On_Mode_Receive_Slave)
    i.On_Mode_Send_Slave                     0x08001c7c   Section        0  slave.o(i.On_Mode_Send_Slave)
    i.PendSV_Handler                         0x08001ca0   Section        0  stm32f1xx_it.o(i.PendSV_Handler)
    i.Read_Slave                             0x08001ca4   Section        0  slave.o(i.Read_Slave)
    i.SVC_Handler                            0x08001cfc   Section        0  stm32f1xx_it.o(i.SVC_Handler)
    i.SendCMD_Slave                          0x08001d00   Section        0  slave.o(i.SendCMD_Slave)
    i.Send_Slave_Period                      0x08001e04   Section        0  user.o(i.Send_Slave_Period)
    i.Send_Slave_Sync                        0x08001e34   Section        0  slave.o(i.Send_Slave_Sync)
    i.Slave_Init_Func                        0x08001e60   Section        0  slave.o(i.Slave_Init_Func)
    i.SysTick_Handler                        0x08001eec   Section        0  stm32f1xx_it.o(i.SysTick_Handler)
    i.SystemClock_Config                     0x08001ef0   Section        0  main.o(i.SystemClock_Config)
    i.SystemInit                             0x08001f4e   Section        0  system_stm32f1xx.o(i.SystemInit)
    i.TIM1_UP_IRQHandler                     0x08001f50   Section        0  stm32f1xx_it.o(i.TIM1_UP_IRQHandler)
    i.TIM2_IRQHandler                        0x08001f5c   Section        0  stm32f1xx_it.o(i.TIM2_IRQHandler)
    i.TIM_Base_SetConfig                     0x08001f68   Section        0  stm32f1xx_hal_tim.o(i.TIM_Base_SetConfig)
    i.TIM_ETR_SetConfig                      0x08001fe0   Section        0  stm32f1xx_hal_tim.o(i.TIM_ETR_SetConfig)
    i.TIM_ITRx_SetConfig                     0x08001ff4   Section        0  stm32f1xx_hal_tim.o(i.TIM_ITRx_SetConfig)
    TIM_ITRx_SetConfig                       0x08001ff5   Thumb Code    16  stm32f1xx_hal_tim.o(i.TIM_ITRx_SetConfig)
    i.TIM_TI1_ConfigInputStage               0x08002004   Section        0  stm32f1xx_hal_tim.o(i.TIM_TI1_ConfigInputStage)
    TIM_TI1_ConfigInputStage                 0x08002005   Thumb Code    34  stm32f1xx_hal_tim.o(i.TIM_TI1_ConfigInputStage)
    i.TIM_TI2_ConfigInputStage               0x08002026   Section        0  stm32f1xx_hal_tim.o(i.TIM_TI2_ConfigInputStage)
    TIM_TI2_ConfigInputStage                 0x08002027   Thumb Code    36  stm32f1xx_hal_tim.o(i.TIM_TI2_ConfigInputStage)
    i.UART_DMAAbortOnError                   0x0800204a   Section        0  stm32f1xx_hal_uart.o(i.UART_DMAAbortOnError)
    UART_DMAAbortOnError                     0x0800204b   Thumb Code    16  stm32f1xx_hal_uart.o(i.UART_DMAAbortOnError)
    i.UART_DMAError                          0x0800205a   Section        0  stm32f1xx_hal_uart.o(i.UART_DMAError)
    UART_DMAError                            0x0800205b   Thumb Code    74  stm32f1xx_hal_uart.o(i.UART_DMAError)
    i.UART_DMATransmitCplt                   0x080020a4   Section        0  stm32f1xx_hal_uart.o(i.UART_DMATransmitCplt)
    UART_DMATransmitCplt                     0x080020a5   Thumb Code    66  stm32f1xx_hal_uart.o(i.UART_DMATransmitCplt)
    i.UART_DMATxHalfCplt                     0x080020e6   Section        0  stm32f1xx_hal_uart.o(i.UART_DMATxHalfCplt)
    UART_DMATxHalfCplt                       0x080020e7   Thumb Code    10  stm32f1xx_hal_uart.o(i.UART_DMATxHalfCplt)
    i.UART_EndRxTransfer                     0x080020f0   Section        0  stm32f1xx_hal_uart.o(i.UART_EndRxTransfer)
    UART_EndRxTransfer                       0x080020f1   Thumb Code    78  stm32f1xx_hal_uart.o(i.UART_EndRxTransfer)
    i.UART_EndTxTransfer                     0x0800213e   Section        0  stm32f1xx_hal_uart.o(i.UART_EndTxTransfer)
    UART_EndTxTransfer                       0x0800213f   Thumb Code    28  stm32f1xx_hal_uart.o(i.UART_EndTxTransfer)
    i.UART_Receive_IT                        0x0800215a   Section        0  stm32f1xx_hal_uart.o(i.UART_Receive_IT)
    UART_Receive_IT                          0x0800215b   Thumb Code   194  stm32f1xx_hal_uart.o(i.UART_Receive_IT)
    i.UART_SetConfig                         0x0800221c   Section        0  stm32f1xx_hal_uart.o(i.UART_SetConfig)
    UART_SetConfig                           0x0800221d   Thumb Code   178  stm32f1xx_hal_uart.o(i.UART_SetConfig)
    i.UART_Start_Receive_IT                  0x080022d4   Section        0  stm32f1xx_hal_uart.o(i.UART_Start_Receive_IT)
    i.USART2_IRQHandler                      0x0800230c   Section        0  stm32f1xx_it.o(i.USART2_IRQHandler)
    i.USART3_IRQHandler                      0x08002318   Section        0  stm32f1xx_it.o(i.USART3_IRQHandler)
    i.UsageFault_Handler                     0x08002324   Section        0  stm32f1xx_it.o(i.UsageFault_Handler)
    i.Wait_Send_Slave                        0x08002328   Section        0  slave.o(i.Wait_Send_Slave)
    i.__NVIC_SetPriority                     0x08002354   Section        0  stm32f1xx_hal_cortex.o(i.__NVIC_SetPriority)
    __NVIC_SetPriority                       0x08002355   Thumb Code    32  stm32f1xx_hal_cortex.o(i.__NVIC_SetPriority)
    i.getMicroSecond                         0x08002374   Section        0  user.o(i.getMicroSecond)
    i.main                                   0x08002394   Section        0  main.o(i.main)
    x$fpl$fdiv                               0x080024b8   Section      388  fdiv.o(x$fpl$fdiv)
    _fdiv1                                   0x080024b9   Thumb Code     0  fdiv.o(x$fpl$fdiv)
    x$fpl$ffltu                              0x0800263c   Section       38  fflt_clz.o(x$fpl$ffltu)
    x$fpl$fmul                               0x08002664   Section      258  fmul.o(x$fpl$fmul)
    x$fpl$fnaninf                            0x08002766   Section      140  fnaninf.o(x$fpl$fnaninf)
    x$fpl$fretinf                            0x080027f2   Section       10  fretinf.o(x$fpl$fretinf)
    .constdata                               0x080027fc   Section       18  stm32f1xx_hal_rcc.o(.constdata)
    x$fpl$usenofp                            0x080027fc   Section        0  usenofp.o(x$fpl$usenofp)
    aPredivFactorTable                       0x080027fc   Data           2  stm32f1xx_hal_rcc.o(.constdata)
    aPLLMULFactorTable                       0x080027fe   Data          16  stm32f1xx_hal_rcc.o(.constdata)
    .constdata                               0x0800280e   Section       16  system_stm32f1xx.o(.constdata)
    .constdata                               0x0800281e   Section        8  system_stm32f1xx.o(.constdata)
    .data                                    0x20000000   Section       40  user.o(.data)
    .data                                    0x20000028   Section        4  user.o(.data)
    .data                                    0x2000002c   Section        4  user.o(.data)
    .data                                    0x20000030   Section       20  slave.o(.data)
    .data                                    0x20000044   Section        4  main.o(.data)
    .data                                    0x20000048   Section        2  main.o(.data)
    .data                                    0x2000004c   Section       12  stm32f1xx_hal.o(.data)
    .data                                    0x20000058   Section        4  system_stm32f1xx.o(.data)
    .bss                                     0x2000005c   Section      300  slave.o(.bss)
    .bss                                     0x20000188   Section      360  main.o(.bss)
    .bss                                     0x200002f0   Section       68  main.o(.bss)
    .bss                                     0x20000334   Section       68  main.o(.bss)
    .bss                                     0x20000378   Section       68  main.o(.bss)
    .bss                                     0x200003bc   Section       68  main.o(.bss)
    .bss                                     0x20000400   Section       96  libspace.o(.bss)
    HEAP                                     0x20000460   Section      512  startup_stm32f103xb.o(HEAP)
    Heap_Mem                                 0x20000460   Data         512  startup_stm32f103xb.o(HEAP)
    STACK                                    0x20000660   Section     1024  startup_stm32f103xb.o(STACK)
    Stack_Mem                                0x20000660   Data        1024  startup_stm32f103xb.o(STACK)
    __initial_sp                             0x20000a60   Data           0  startup_stm32f103xb.o(STACK)

    Global Symbols

    Symbol Name                              Value     Ov Type        Size  Object(Section)

    BuildAttributes$$THM_ISAv4$P$D$K$B$S$PE$A:L22UL41UL21$X:L11$S22US41US21$IEEE1$IW$USESV6$~STKCKD$USESV7$~SHL$OSPACE$ROPI$EBA8$UX$STANDARDLIB$REQ8$PRES8$EABIv2 0x00000000   Number         0  anon$$obj.o ABSOLUTE
    __ARM_use_no_argv                        0x00000000   Number         0  main.o ABSOLUTE
    __ARM_exceptions_init                     - Undefined Weak Reference
    __alloca_initialize                       - Undefined Weak Reference
    __arm_preinit_                            - Undefined Weak Reference
    __cpp_initialize__aeabi_                  - Undefined Weak Reference
    __cxa_finalize                            - Undefined Weak Reference
    __rt_locale                               - Undefined Weak Reference
    __sigvec_lookup                           - Undefined Weak Reference
    _atexit_init                              - Undefined Weak Reference
    _call_atexit_fns                          - Undefined Weak Reference
    _clock_init                               - Undefined Weak Reference
    _fp_trap_init                             - Undefined Weak Reference
    _fp_trap_shutdown                         - Undefined Weak Reference
    _get_lc_collate                           - Undefined Weak Reference
    _get_lc_ctype                             - Undefined Weak Reference
    _get_lc_monetary                          - Undefined Weak Reference
    _get_lc_numeric                           - Undefined Weak Reference
    _get_lc_time                              - Undefined Weak Reference
    _getenv_init                              - Undefined Weak Reference
    _handle_redirection                       - Undefined Weak Reference
    _init_alloc                               - Undefined Weak Reference
    _init_user_alloc                          - Undefined Weak Reference
    _initio                                   - Undefined Weak Reference
    _rand_init                                - Undefined Weak Reference
    _signal_finish                            - Undefined Weak Reference
    _signal_init                              - Undefined Weak Reference
    _terminate_alloc                          - Undefined Weak Reference
    _terminate_user_alloc                     - Undefined Weak Reference
    _terminateio                              - Undefined Weak Reference
    __Vectors_Size                           0x000000ec   Number         0  startup_stm32f103xb.o ABSOLUTE
    __Vectors                                0x08000000   Data           4  startup_stm32f103xb.o(RESET)
    __Vectors_End                            0x080000ec   Data           0  startup_stm32f103xb.o(RESET)
    __main                                   0x080000ed   Thumb Code     8  __main.o(!!!main)
    __scatterload                            0x080000f5   Thumb Code     0  __scatter.o(!!!scatter)
    __scatterload_rt2                        0x080000f5   Thumb Code    44  __scatter.o(!!!scatter)
    __scatterload_rt2_thumb_only             0x080000f5   Thumb Code     0  __scatter.o(!!!scatter)
    __scatterload_null                       0x08000103   Thumb Code     0  __scatter.o(!!!scatter)
    __scatterload_copy                       0x08000129   Thumb Code    26  __scatter_copy.o(!!handler_copy)
    __scatterload_zeroinit                   0x08000145   Thumb Code    28  __scatter_zi.o(!!handler_zi)
    __rt_lib_init                            0x08000161   Thumb Code     0  libinit.o(.ARM.Collect$$libinit$$00000000)
    __rt_lib_init_alloca_1                   0x08000163   Thumb Code     0  libinit2.o(.ARM.Collect$$libinit$$0000002E)
    __rt_lib_init_argv_1                     0x08000163   Thumb Code     0  libinit2.o(.ARM.Collect$$libinit$$0000002C)
    __rt_lib_init_atexit_1                   0x08000163   Thumb Code     0  libinit2.o(.ARM.Collect$$libinit$$0000001B)
    __rt_lib_init_clock_1                    0x08000163   Thumb Code     0  libinit2.o(.ARM.Collect$$libinit$$00000021)
    __rt_lib_init_cpp_1                      0x08000163   Thumb Code     0  libinit2.o(.ARM.Collect$$libinit$$00000032)
    __rt_lib_init_exceptions_1               0x08000163   Thumb Code     0  libinit2.o(.ARM.Collect$$libinit$$00000030)
    __rt_lib_init_fp_1                       0x08000163   Thumb Code     0  libinit2.o(.ARM.Collect$$libinit$$00000002)
    __rt_lib_init_fp_trap_1                  0x08000163   Thumb Code     0  libinit2.o(.ARM.Collect$$libinit$$0000001F)
    __rt_lib_init_getenv_1                   0x08000163   Thumb Code     0  libinit2.o(.ARM.Collect$$libinit$$00000023)
    __rt_lib_init_heap_1                     0x08000163   Thumb Code     0  libinit2.o(.ARM.Collect$$libinit$$0000000A)
    __rt_lib_init_lc_collate_1               0x08000163   Thumb Code     0  libinit2.o(.ARM.Collect$$libinit$$00000011)
    __rt_lib_init_lc_ctype_1                 0x08000163   Thumb Code     0  libinit2.o(.ARM.Collect$$libinit$$00000013)
    __rt_lib_init_lc_monetary_1              0x08000163   Thumb Code     0  libinit2.o(.ARM.Collect$$libinit$$00000015)
    __rt_lib_init_lc_numeric_1               0x08000163   Thumb Code     0  libinit2.o(.ARM.Collect$$libinit$$00000017)
    __rt_lib_init_lc_time_1                  0x08000163   Thumb Code     0  libinit2.o(.ARM.Collect$$libinit$$00000019)
    __rt_lib_init_preinit_1                  0x08000163   Thumb Code     0  libinit2.o(.ARM.Collect$$libinit$$00000004)
    __rt_lib_init_rand_1                     0x08000163   Thumb Code     0  libinit2.o(.ARM.Collect$$libinit$$0000000E)
    __rt_lib_init_return                     0x08000163   Thumb Code     0  libinit2.o(.ARM.Collect$$libinit$$00000033)
    __rt_lib_init_signal_1                   0x08000163   Thumb Code     0  libinit2.o(.ARM.Collect$$libinit$$0000001D)
    __rt_lib_init_stdio_1                    0x08000163   Thumb Code     0  libinit2.o(.ARM.Collect$$libinit$$00000025)
    __rt_lib_init_user_alloc_1               0x08000163   Thumb Code     0  libinit2.o(.ARM.Collect$$libinit$$0000000C)
    __rt_lib_shutdown                        0x08000165   Thumb Code     0  libshutdown.o(.ARM.Collect$$libshutdown$$00000000)
    __rt_lib_shutdown_cpp_1                  0x08000167   Thumb Code     0  libshutdown2.o(.ARM.Collect$$libshutdown$$00000002)
    __rt_lib_shutdown_fp_trap_1              0x08000167   Thumb Code     0  libshutdown2.o(.ARM.Collect$$libshutdown$$00000007)
    __rt_lib_shutdown_heap_1                 0x08000167   Thumb Code     0  libshutdown2.o(.ARM.Collect$$libshutdown$$0000000F)
    __rt_lib_shutdown_return                 0x08000167   Thumb Code     0  libshutdown2.o(.ARM.Collect$$libshutdown$$00000010)
    __rt_lib_shutdown_signal_1               0x08000167   Thumb Code     0  libshutdown2.o(.ARM.Collect$$libshutdown$$0000000A)
    __rt_lib_shutdown_stdio_1                0x08000167   Thumb Code     0  libshutdown2.o(.ARM.Collect$$libshutdown$$00000004)
    __rt_lib_shutdown_user_alloc_1           0x08000167   Thumb Code     0  libshutdown2.o(.ARM.Collect$$libshutdown$$0000000C)
    __rt_entry                               0x08000169   Thumb Code     0  __rtentry.o(.ARM.Collect$$rtentry$$00000000)
    __rt_entry_presh_1                       0x08000169   Thumb Code     0  __rtentry2.o(.ARM.Collect$$rtentry$$00000002)
    __rt_entry_sh                            0x08000169   Thumb Code     0  __rtentry4.o(.ARM.Collect$$rtentry$$00000004)
    __rt_entry_li                            0x0800016f   Thumb Code     0  __rtentry2.o(.ARM.Collect$$rtentry$$0000000A)
    __rt_entry_postsh_1                      0x0800016f   Thumb Code     0  __rtentry2.o(.ARM.Collect$$rtentry$$00000009)
    __rt_entry_main                          0x08000173   Thumb Code     0  __rtentry2.o(.ARM.Collect$$rtentry$$0000000D)
    __rt_entry_postli_1                      0x08000173   Thumb Code     0  __rtentry2.o(.ARM.Collect$$rtentry$$0000000C)
    __rt_exit                                0x0800017b   Thumb Code     0  rtexit.o(.ARM.Collect$$rtexit$$00000000)
    __rt_exit_ls                             0x0800017d   Thumb Code     0  rtexit2.o(.ARM.Collect$$rtexit$$00000003)
    __rt_exit_prels_1                        0x0800017d   Thumb Code     0  rtexit2.o(.ARM.Collect$$rtexit$$00000002)
    __rt_exit_exit                           0x08000181   Thumb Code     0  rtexit2.o(.ARM.Collect$$rtexit$$00000004)
    Reset_Handler                            0x08000189   Thumb Code     8  startup_stm32f103xb.o(.text)
    ADC1_2_IRQHandler                        0x080001a3   Thumb Code     0  startup_stm32f103xb.o(.text)
    CAN1_RX1_IRQHandler                      0x080001a3   Thumb Code     0  startup_stm32f103xb.o(.text)
    CAN1_SCE_IRQHandler                      0x080001a3   Thumb Code     0  startup_stm32f103xb.o(.text)
    DMA1_Channel1_IRQHandler                 0x080001a3   Thumb Code     0  startup_stm32f103xb.o(.text)
    DMA1_Channel4_IRQHandler                 0x080001a3   Thumb Code     0  startup_stm32f103xb.o(.text)
    DMA1_Channel5_IRQHandler                 0x080001a3   Thumb Code     0  startup_stm32f103xb.o(.text)
    EXTI0_IRQHandler                         0x080001a3   Thumb Code     0  startup_stm32f103xb.o(.text)
    EXTI15_10_IRQHandler                     0x080001a3   Thumb Code     0  startup_stm32f103xb.o(.text)
    EXTI1_IRQHandler                         0x080001a3   Thumb Code     0  startup_stm32f103xb.o(.text)
    EXTI2_IRQHandler                         0x080001a3   Thumb Code     0  startup_stm32f103xb.o(.text)
    EXTI3_IRQHandler                         0x080001a3   Thumb Code     0  startup_stm32f103xb.o(.text)
    EXTI4_IRQHandler                         0x080001a3   Thumb Code     0  startup_stm32f103xb.o(.text)
    EXTI9_5_IRQHandler                       0x080001a3   Thumb Code     0  startup_stm32f103xb.o(.text)
    FLASH_IRQHandler                         0x080001a3   Thumb Code     0  startup_stm32f103xb.o(.text)
    I2C1_ER_IRQHandler                       0x080001a3   Thumb Code     0  startup_stm32f103xb.o(.text)
    I2C1_EV_IRQHandler                       0x080001a3   Thumb Code     0  startup_stm32f103xb.o(.text)
    I2C2_ER_IRQHandler                       0x080001a3   Thumb Code     0  startup_stm32f103xb.o(.text)
    I2C2_EV_IRQHandler                       0x080001a3   Thumb Code     0  startup_stm32f103xb.o(.text)
    PVD_IRQHandler                           0x080001a3   Thumb Code     0  startup_stm32f103xb.o(.text)
    RCC_IRQHandler                           0x080001a3   Thumb Code     0  startup_stm32f103xb.o(.text)
    RTC_Alarm_IRQHandler                     0x080001a3   Thumb Code     0  startup_stm32f103xb.o(.text)
    RTC_IRQHandler                           0x080001a3   Thumb Code     0  startup_stm32f103xb.o(.text)
    SPI1_IRQHandler                          0x080001a3   Thumb Code     0  startup_stm32f103xb.o(.text)
    SPI2_IRQHandler                          0x080001a3   Thumb Code     0  startup_stm32f103xb.o(.text)
    TAMPER_IRQHandler                        0x080001a3   Thumb Code     0  startup_stm32f103xb.o(.text)
    TIM1_BRK_IRQHandler                      0x080001a3   Thumb Code     0  startup_stm32f103xb.o(.text)
    TIM1_CC_IRQHandler                       0x080001a3   Thumb Code     0  startup_stm32f103xb.o(.text)
    TIM1_TRG_COM_IRQHandler                  0x080001a3   Thumb Code     0  startup_stm32f103xb.o(.text)
    TIM3_IRQHandler                          0x080001a3   Thumb Code     0  startup_stm32f103xb.o(.text)
    TIM4_IRQHandler                          0x080001a3   Thumb Code     0  startup_stm32f103xb.o(.text)
    USART1_IRQHandler                        0x080001a3   Thumb Code     0  startup_stm32f103xb.o(.text)
    USBWakeUp_IRQHandler                     0x080001a3   Thumb Code     0  startup_stm32f103xb.o(.text)
    USB_HP_CAN1_TX_IRQHandler                0x080001a3   Thumb Code     0  startup_stm32f103xb.o(.text)
    USB_LP_CAN1_RX0_IRQHandler               0x080001a3   Thumb Code     0  startup_stm32f103xb.o(.text)
    WWDG_IRQHandler                          0x080001a3   Thumb Code     0  startup_stm32f103xb.o(.text)
    __user_initial_stackheap                 0x080001a5   Thumb Code     0  startup_stm32f103xb.o(.text)
    __aeabi_memset                           0x080001c9   Thumb Code    16  aeabi_memset.o(.text)
    __aeabi_memclr4                          0x080001d9   Thumb Code     0  rt_memclr_w.o(.text)
    __aeabi_memclr8                          0x080001d9   Thumb Code     0  rt_memclr_w.o(.text)
    __rt_memclr_w                            0x080001d9   Thumb Code    78  rt_memclr_w.o(.text)
    _memset_w                                0x080001dd   Thumb Code     0  rt_memclr_w.o(.text)
    __use_two_region_memory                  0x08000227   Thumb Code     2  heapauxi.o(.text)
    __rt_heap_escrow$2region                 0x08000229   Thumb Code     2  heapauxi.o(.text)
    __rt_heap_expand$2region                 0x0800022b   Thumb Code     2  heapauxi.o(.text)
    __aeabi_memclr                           0x0800022d   Thumb Code     0  rt_memclr.o(.text)
    __rt_memclr                              0x0800022d   Thumb Code    68  rt_memclr.o(.text)
    _memset                                  0x08000231   Thumb Code     0  rt_memclr.o(.text)
    __user_setup_stackheap                   0x08000271   Thumb Code    74  sys_stackheap_outer.o(.text)
    exit                                     0x080002bb   Thumb Code    18  exit.o(.text)
    __user_libspace                          0x080002cd   Thumb Code     8  libspace.o(.text)
    __user_perproc_libspace                  0x080002cd   Thumb Code     0  libspace.o(.text)
    __user_perthread_libspace                0x080002cd   Thumb Code     0  libspace.o(.text)
    _sys_exit                                0x080002d5   Thumb Code     8  sys_exit.o(.text)
    __I$use$semihosting                      0x080002e1   Thumb Code     0  use_no_semi.o(.text)
    __use_no_semihosting_swi                 0x080002e1   Thumb Code     2  use_no_semi.o(.text)
    BusFault_Handler                         0x080002e3   Thumb Code     2  stm32f1xx_it.o(i.BusFault_Handler)
    __semihosting_library_function           0x080002e3   Thumb Code     0  indicate_semi.o(.text)
    Cal_CheckSum                             0x080002e5   Thumb Code    28  user.o(i.Cal_CheckSum)
    Check_connection_Slave                   0x08000301   Thumb Code    66  user.o(i.Check_connection_Slave)
    DMA1_Channel2_IRQHandler                 0x0800034d   Thumb Code     6  stm32f1xx_it.o(i.DMA1_Channel2_IRQHandler)
    DMA1_Channel3_IRQHandler                 0x08000359   Thumb Code     6  stm32f1xx_it.o(i.DMA1_Channel3_IRQHandler)
    DMA1_Channel6_IRQHandler                 0x08000365   Thumb Code     6  stm32f1xx_it.o(i.DMA1_Channel6_IRQHandler)
    DMA1_Channel7_IRQHandler                 0x08000371   Thumb Code     6  stm32f1xx_it.o(i.DMA1_Channel7_IRQHandler)
    DebugMon_Handler                         0x080003a7   Thumb Code     2  stm32f1xx_it.o(i.DebugMon_Handler)
    Debug_Function                           0x080003a9   Thumb Code     2  user.o(i.Debug_Function)
    Error_Handler                            0x080003ab   Thumb Code     4  main.o(i.Error_Handler)
    Flash_Led                                0x080003b1   Thumb Code   188  user.o(i.Flash_Led)
    HAL_DMA_Abort                            0x08000479   Thumb Code    70  stm32f1xx_hal_dma.o(i.HAL_DMA_Abort)
    HAL_DMA_Abort_IT                         0x080004c1   Thumb Code   148  stm32f1xx_hal_dma.o(i.HAL_DMA_Abort_IT)
    HAL_DMA_IRQHandler                       0x08000559   Thumb Code   316  stm32f1xx_hal_dma.o(i.HAL_DMA_IRQHandler)
    HAL_DMA_Init                             0x080006ad   Thumb Code    84  stm32f1xx_hal_dma.o(i.HAL_DMA_Init)
    HAL_DMA_Start_IT                         0x08000709   Thumb Code   112  stm32f1xx_hal_dma.o(i.HAL_DMA_Start_IT)
    HAL_Delay                                0x08000779   Thumb Code    32  stm32f1xx_hal.o(i.HAL_Delay)
    HAL_GPIO_Init                            0x0800079d   Thumb Code   446  stm32f1xx_hal_gpio.o(i.HAL_GPIO_Init)
    HAL_GPIO_ReadPin                         0x0800097d   Thumb Code    10  stm32f1xx_hal_gpio.o(i.HAL_GPIO_ReadPin)
    HAL_GPIO_WritePin                        0x08000987   Thumb Code    10  stm32f1xx_hal_gpio.o(i.HAL_GPIO_WritePin)
    HAL_GetTick                              0x08000991   Thumb Code     6  stm32f1xx_hal.o(i.HAL_GetTick)
    HAL_IncTick                              0x0800099d   Thumb Code    12  stm32f1xx_hal.o(i.HAL_IncTick)
    HAL_Init                                 0x080009ad   Thumb Code    32  stm32f1xx_hal.o(i.HAL_Init)
    HAL_InitTick                             0x080009d1   Thumb Code    54  stm32f1xx_hal.o(i.HAL_InitTick)
    HAL_MspInit                              0x08000a11   Thumb Code    52  stm32f1xx_hal_msp.o(i.HAL_MspInit)
    HAL_NVIC_EnableIRQ                       0x08000a4d   Thumb Code    26  stm32f1xx_hal_cortex.o(i.HAL_NVIC_EnableIRQ)
    HAL_NVIC_SetPriority                     0x08000a69   Thumb Code    60  stm32f1xx_hal_cortex.o(i.HAL_NVIC_SetPriority)
    HAL_NVIC_SetPriorityGrouping             0x08000aa9   Thumb Code    26  stm32f1xx_hal_cortex.o(i.HAL_NVIC_SetPriorityGrouping)
    HAL_RCC_ClockConfig                      0x08000acd   Thumb Code   280  stm32f1xx_hal_rcc.o(i.HAL_RCC_ClockConfig)
    HAL_RCC_GetPCLK1Freq                     0x08000bf9   Thumb Code    20  stm32f1xx_hal_rcc.o(i.HAL_RCC_GetPCLK1Freq)
    HAL_RCC_GetPCLK2Freq                     0x08000c19   Thumb Code    20  stm32f1xx_hal_rcc.o(i.HAL_RCC_GetPCLK2Freq)
    HAL_RCC_GetSysClockFreq                  0x08000c39   Thumb Code    58  stm32f1xx_hal_rcc.o(i.HAL_RCC_GetSysClockFreq)
    HAL_RCC_OscConfig                        0x08000c85   Thumb Code   778  stm32f1xx_hal_rcc.o(i.HAL_RCC_OscConfig)
    HAL_SYSTICK_Config                       0x08000fa5   Thumb Code    40  stm32f1xx_hal_cortex.o(i.HAL_SYSTICK_Config)
    HAL_TIMEx_BreakCallback                  0x08000fcd   Thumb Code     2  stm32f1xx_hal_tim_ex.o(i.HAL_TIMEx_BreakCallback)
    HAL_TIMEx_CommutCallback                 0x08000fcf   Thumb Code     2  stm32f1xx_hal_tim_ex.o(i.HAL_TIMEx_CommutCallback)
    HAL_TIMEx_MasterConfigSynchronization    0x08000fd1   Thumb Code    92  stm32f1xx_hal_tim_ex.o(i.HAL_TIMEx_MasterConfigSynchronization)
    HAL_TIM_Base_Init                        0x08001039   Thumb Code    90  stm32f1xx_hal_tim.o(i.HAL_TIM_Base_Init)
    HAL_TIM_Base_MspInit                     0x08001095   Thumb Code    86  stm32f1xx_hal_msp.o(i.HAL_TIM_Base_MspInit)
    HAL_TIM_Base_Start_IT                    0x080010f5   Thumb Code    76  stm32f1xx_hal_tim.o(i.HAL_TIM_Base_Start_IT)
    HAL_TIM_ConfigClockSource                0x0800114d   Thumb Code   220  stm32f1xx_hal_tim.o(i.HAL_TIM_ConfigClockSource)
    HAL_TIM_IC_CaptureCallback               0x08001229   Thumb Code     2  stm32f1xx_hal_tim.o(i.HAL_TIM_IC_CaptureCallback)
    HAL_TIM_IRQHandler                       0x0800122b   Thumb Code   304  stm32f1xx_hal_tim.o(i.HAL_TIM_IRQHandler)
    HAL_TIM_OC_DelayElapsedCallback          0x0800135b   Thumb Code     2  stm32f1xx_hal_tim.o(i.HAL_TIM_OC_DelayElapsedCallback)
    HAL_TIM_PWM_PulseFinishedCallback        0x0800135d   Thumb Code     2  stm32f1xx_hal_tim.o(i.HAL_TIM_PWM_PulseFinishedCallback)
    HAL_TIM_PeriodElapsedCallback            0x08001361   Thumb Code   106  user.o(i.HAL_TIM_PeriodElapsedCallback)
    HAL_TIM_TriggerCallback                  0x080013dd   Thumb Code     2  stm32f1xx_hal_tim.o(i.HAL_TIM_TriggerCallback)
    HAL_UARTEx_RxEventCallback               0x080013df   Thumb Code     2  stm32f1xx_hal_uart.o(i.HAL_UARTEx_RxEventCallback)
    HAL_UART_ErrorCallback                   0x080013e1   Thumb Code     2  stm32f1xx_hal_uart.o(i.HAL_UART_ErrorCallback)
    HAL_UART_IRQHandler                      0x080013e5   Thumb Code   616  stm32f1xx_hal_uart.o(i.HAL_UART_IRQHandler)
    HAL_UART_Init                            0x08001651   Thumb Code   100  stm32f1xx_hal_uart.o(i.HAL_UART_Init)
    HAL_UART_MspInit                         0x080016b5   Thumb Code   440  stm32f1xx_hal_msp.o(i.HAL_UART_MspInit)
    HAL_UART_Receive_IT                      0x08001899   Thumb Code    28  stm32f1xx_hal_uart.o(i.HAL_UART_Receive_IT)
    HAL_UART_RxCpltCallback                  0x080018b5   Thumb Code    32  slave.o(i.HAL_UART_RxCpltCallback)
    HAL_UART_Transmit_DMA                    0x080018e1   Thumb Code   106  stm32f1xx_hal_uart.o(i.HAL_UART_Transmit_DMA)
    HAL_UART_TxCpltCallback                  0x08001959   Thumb Code     2  stm32f1xx_hal_uart.o(i.HAL_UART_TxCpltCallback)
    HAL_UART_TxHalfCpltCallback              0x0800195b   Thumb Code     2  stm32f1xx_hal_uart.o(i.HAL_UART_TxHalfCpltCallback)
    Handle_Slave_RX                          0x0800195d   Thumb Code    52  slave.o(i.Handle_Slave_RX)
    HardFault_Handler                        0x08001999   Thumb Code     2  stm32f1xx_it.o(i.HardFault_Handler)
    Master_Init_Func                         0x08001b85   Thumb Code   184  user.o(i.Master_Init_Func)
    Master_Process                           0x08001c51   Thumb Code     4  user.o(i.Master_Process)
    MemManage_Handler                        0x08001c55   Thumb Code     2  stm32f1xx_it.o(i.MemManage_Handler)
    NMI_Handler                              0x08001c57   Thumb Code     2  stm32f1xx_it.o(i.NMI_Handler)
    On_Mode_Receive_Slave                    0x08001c59   Thumb Code    32  slave.o(i.On_Mode_Receive_Slave)
    On_Mode_Send_Slave                       0x08001c7d   Thumb Code    30  slave.o(i.On_Mode_Send_Slave)
    PendSV_Handler                           0x08001ca1   Thumb Code     2  stm32f1xx_it.o(i.PendSV_Handler)
    Read_Slave                               0x08001ca5   Thumb Code    82  slave.o(i.Read_Slave)
    SVC_Handler                              0x08001cfd   Thumb Code     2  stm32f1xx_it.o(i.SVC_Handler)
    SendCMD_Slave                            0x08001d01   Thumb Code   240  slave.o(i.SendCMD_Slave)
    Send_Slave_Period                        0x08001e05   Thumb Code    42  user.o(i.Send_Slave_Period)
    Send_Slave_Sync                          0x08001e35   Thumb Code    34  slave.o(i.Send_Slave_Sync)
    Slave_Init_Func                          0x08001e61   Thumb Code   128  slave.o(i.Slave_Init_Func)
    SysTick_Handler                          0x08001eed   Thumb Code     4  stm32f1xx_it.o(i.SysTick_Handler)
    SystemClock_Config                       0x08001ef1   Thumb Code    94  main.o(i.SystemClock_Config)
    SystemInit                               0x08001f4f   Thumb Code     2  system_stm32f1xx.o(i.SystemInit)
    TIM1_UP_IRQHandler                       0x08001f51   Thumb Code     6  stm32f1xx_it.o(i.TIM1_UP_IRQHandler)
    TIM2_IRQHandler                          0x08001f5d   Thumb Code     6  stm32f1xx_it.o(i.TIM2_IRQHandler)
    TIM_Base_SetConfig                       0x08001f69   Thumb Code   108  stm32f1xx_hal_tim.o(i.TIM_Base_SetConfig)
    TIM_ETR_SetConfig                        0x08001fe1   Thumb Code    20  stm32f1xx_hal_tim.o(i.TIM_ETR_SetConfig)
    UART_Start_Receive_IT                    0x080022d5   Thumb Code    54  stm32f1xx_hal_uart.o(i.UART_Start_Receive_IT)
    USART2_IRQHandler                        0x0800230d   Thumb Code     6  stm32f1xx_it.o(i.USART2_IRQHandler)
    USART3_IRQHandler                        0x08002319   Thumb Code     6  stm32f1xx_it.o(i.USART3_IRQHandler)
    UsageFault_Handler                       0x08002325   Thumb Code     2  stm32f1xx_it.o(i.UsageFault_Handler)
    Wait_Send_Slave                          0x08002329   Thumb Code    38  slave.o(i.Wait_Send_Slave)
    getMicroSecond                           0x08002375   Thumb Code    24  user.o(i.getMicroSecond)
    main                                     0x08002395   Thumb Code   262  main.o(i.main)
    __aeabi_fdiv                             0x080024b9   Thumb Code     0  fdiv.o(x$fpl$fdiv)
    _fdiv                                    0x080024b9   Thumb Code   384  fdiv.o(x$fpl$fdiv)
    __aeabi_ui2f                             0x0800263d   Thumb Code     0  fflt_clz.o(x$fpl$ffltu)
    _ffltu                                   0x0800263d   Thumb Code    38  fflt_clz.o(x$fpl$ffltu)
    __aeabi_fmul                             0x08002665   Thumb Code     0  fmul.o(x$fpl$fmul)
    _fmul                                    0x08002665   Thumb Code   258  fmul.o(x$fpl$fmul)
    __fpl_fnaninf                            0x08002767   Thumb Code   140  fnaninf.o(x$fpl$fnaninf)
    __fpl_fretinf                            0x080027f3   Thumb Code    10  fretinf.o(x$fpl$fretinf)
    __I$use$fp                               0x080027fc   Number         0  usenofp.o(x$fpl$usenofp)
    AHBPrescTable                            0x0800280e   Data          16  system_stm32f1xx.o(.constdata)
    APBPrescTable                            0x0800281e   Data           8  system_stm32f1xx.o(.constdata)
    Region$$Table$$Base                      0x08002828   Number         0  anon$$obj.o(Region$$Table)
    Region$$Table$$Limit                     0x08002848   Number         0  anon$$obj.o(Region$$Table)
    ID_Master                                0x20000000   Data           1  user.o(.data)
    flag_flashLed_debug                      0x20000001   Data           1  user.o(.data)
    flag_flashLed_app                        0x20000002   Data           1  user.o(.data)
    flag_flashLed_trxA                       0x20000003   Data           1  user.o(.data)
    flag_flashLed_trxB                       0x20000004   Data           1  user.o(.data)
    flag_synchronize_slave                   0x20000005   Data           1  user.o(.data)
    cnt_flashLed_debug                       0x20000006   Data           2  user.o(.data)
    cnt_flashLed_app                         0x20000008   Data           2  user.o(.data)
    cnt_flashLed_trxA                        0x2000000a   Data           2  user.o(.data)
    cnt_flashLed_trxB                        0x2000000c   Data           2  user.o(.data)
    cnt_toggle_led_db                        0x2000000e   Data           2  user.o(.data)
    cnt_send_slave                           0x20000010   Data           2  user.o(.data)
    cnt_check_connect_slave                  0x20000012   Data           2  user.o(.data)
    cnt_debug                                0x20000014   Data           2  user.o(.data)
    tim_tick_1ms                             0x20000018   Data           4  user.o(.data)
    cnt_synchronize_slave                    0x2000001c   Data           4  user.o(.data)
    pSlavePort                               0x20000020   Data           4  user.o(.data)
    pDebugPort                               0x20000024   Data           4  user.o(.data)
    start_time                               0x20000028   Data           4  user.o(.data)
    interval                                 0x2000002c   Data           4  user.o(.data)
    vSL_Ptr                                  0x20000030   Data           1  slave.o(.data)
    flag_wait_sending_slave                  0x20000031   Data           1  slave.o(.data)
    cnt1                                     0x20000032   Data           2  slave.o(.data)
    TX_toSlave                               0x20000034   Data           3  slave.o(.data)
    RX_fromSlave                             0x20000037   Data           3  slave.o(.data)
    start_send_slave                         0x2000003c   Data           4  slave.o(.data)
    interval_send_slave                      0x20000040   Data           4  slave.o(.data)
    tick_debug                               0x20000044   Data           4  main.o(.data)
    auto_send                                0x20000048   Data           2  main.o(.data)
    uwTickFreq                               0x2000004c   Data           1  stm32f1xx_hal.o(.data)
    uwTickPrio                               0x20000050   Data           4  stm32f1xx_hal.o(.data)
    uwTick                                   0x20000054   Data           4  stm32f1xx_hal.o(.data)
    SystemCoreClock                          0x20000058   Data           4  system_stm32f1xx.o(.data)
    List_Chute_Arr                           0x2000005c   Data         280  slave.o(.bss)
    vSlaveCom                                0x20000174   Data          20  slave.o(.bss)
    htim1                                    0x20000188   Data          72  main.o(.bss)
    htim2                                    0x200001d0   Data          72  main.o(.bss)
    huart1                                   0x20000218   Data          72  main.o(.bss)
    huart2                                   0x20000260   Data          72  main.o(.bss)
    huart3                                   0x200002a8   Data          72  main.o(.bss)
    hdma_usart2_rx                           0x200002f0   Data          68  main.o(.bss)
    hdma_usart2_tx                           0x20000334   Data          68  main.o(.bss)
    hdma_usart3_rx                           0x20000378   Data          68  main.o(.bss)
    hdma_usart3_tx                           0x200003bc   Data          68  main.o(.bss)
    __libspace_start                         0x20000400   Data          96  libspace.o(.bss)
    __temporary_stack_top$libspace           0x20000460   Data           0  libspace.o(.bss)



==============================================================================

Memory Map of the image

  Image Entry point : 0x080000ed

  Load Region LR_IROM1 (Base: 0x08000000, Size: 0x000028a4, Max: 0x00010000, ABSOLUTE)

    Execution Region ER_IROM1 (Exec base: 0x08000000, Load base: 0x08000000, Size: 0x00002848, Max: 0x00010000, ABSOLUTE)

    Exec Addr    Load Addr    Size         Type   Attr      Idx    E Section Name        Object

    0x08000000   0x08000000   0x000000ec   Data   RO            3    RESET               startup_stm32f103xb.o
    0x080000ec   0x080000ec   0x00000008   Code   RO         2960  * !!!main             c_w.l(__main.o)
    0x080000f4   0x080000f4   0x00000034   Code   RO         3136    !!!scatter          c_w.l(__scatter.o)
    0x08000128   0x08000128   0x0000001a   Code   RO         3138    !!handler_copy      c_w.l(__scatter_copy.o)
    0x08000142   0x08000142   0x00000002   PAD
    0x08000144   0x08000144   0x0000001c   Code   RO         3140    !!handler_zi        c_w.l(__scatter_zi.o)
    0x08000160   0x08000160   0x00000002   Code   RO         3006    .ARM.Collect$$libinit$$00000000  c_w.l(libinit.o)
    0x08000162   0x08000162   0x00000000   Code   RO         3013    .ARM.Collect$$libinit$$00000002  c_w.l(libinit2.o)
    0x08000162   0x08000162   0x00000000   Code   RO         3015    .ARM.Collect$$libinit$$00000004  c_w.l(libinit2.o)
    0x08000162   0x08000162   0x00000000   Code   RO         3018    .ARM.Collect$$libinit$$0000000A  c_w.l(libinit2.o)
    0x08000162   0x08000162   0x00000000   Code   RO         3020    .ARM.Collect$$libinit$$0000000C  c_w.l(libinit2.o)
    0x08000162   0x08000162   0x00000000   Code   RO         3022    .ARM.Collect$$libinit$$0000000E  c_w.l(libinit2.o)
    0x08000162   0x08000162   0x00000000   Code   RO         3025    .ARM.Collect$$libinit$$00000011  c_w.l(libinit2.o)
    0x08000162   0x08000162   0x00000000   Code   RO         3027    .ARM.Collect$$libinit$$00000013  c_w.l(libinit2.o)
    0x08000162   0x08000162   0x00000000   Code   RO         3029    .ARM.Collect$$libinit$$00000015  c_w.l(libinit2.o)
    0x08000162   0x08000162   0x00000000   Code   RO         3031    .ARM.Collect$$libinit$$00000017  c_w.l(libinit2.o)
    0x08000162   0x08000162   0x00000000   Code   RO         3033    .ARM.Collect$$libinit$$00000019  c_w.l(libinit2.o)
    0x08000162   0x08000162   0x00000000   Code   RO         3035    .ARM.Collect$$libinit$$0000001B  c_w.l(libinit2.o)
    0x08000162   0x08000162   0x00000000   Code   RO         3037    .ARM.Collect$$libinit$$0000001D  c_w.l(libinit2.o)
    0x08000162   0x08000162   0x00000000   Code   RO         3039    .ARM.Collect$$libinit$$0000001F  c_w.l(libinit2.o)
    0x08000162   0x08000162   0x00000000   Code   RO         3041    .ARM.Collect$$libinit$$00000021  c_w.l(libinit2.o)
    0x08000162   0x08000162   0x00000000   Code   RO         3043    .ARM.Collect$$libinit$$00000023  c_w.l(libinit2.o)
    0x08000162   0x08000162   0x00000000   Code   RO         3045    .ARM.Collect$$libinit$$00000025  c_w.l(libinit2.o)
    0x08000162   0x08000162   0x00000000   Code   RO         3049    .ARM.Collect$$libinit$$0000002C  c_w.l(libinit2.o)
    0x08000162   0x08000162   0x00000000   Code   RO         3051    .ARM.Collect$$libinit$$0000002E  c_w.l(libinit2.o)
    0x08000162   0x08000162   0x00000000   Code   RO         3053    .ARM.Collect$$libinit$$00000030  c_w.l(libinit2.o)
    0x08000162   0x08000162   0x00000000   Code   RO         3055    .ARM.Collect$$libinit$$00000032  c_w.l(libinit2.o)
    0x08000162   0x08000162   0x00000002   Code   RO         3056    .ARM.Collect$$libinit$$00000033  c_w.l(libinit2.o)
    0x08000164   0x08000164   0x00000002   Code   RO         3076    .ARM.Collect$$libshutdown$$00000000  c_w.l(libshutdown.o)
    0x08000166   0x08000166   0x00000000   Code   RO         3089    .ARM.Collect$$libshutdown$$00000002  c_w.l(libshutdown2.o)
    0x08000166   0x08000166   0x00000000   Code   RO         3091    .ARM.Collect$$libshutdown$$00000004  c_w.l(libshutdown2.o)
    0x08000166   0x08000166   0x00000000   Code   RO         3094    .ARM.Collect$$libshutdown$$00000007  c_w.l(libshutdown2.o)
    0x08000166   0x08000166   0x00000000   Code   RO         3097    .ARM.Collect$$libshutdown$$0000000A  c_w.l(libshutdown2.o)
    0x08000166   0x08000166   0x00000000   Code   RO         3099    .ARM.Collect$$libshutdown$$0000000C  c_w.l(libshutdown2.o)
    0x08000166   0x08000166   0x00000000   Code   RO         3102    .ARM.Collect$$libshutdown$$0000000F  c_w.l(libshutdown2.o)
    0x08000166   0x08000166   0x00000002   Code   RO         3103    .ARM.Collect$$libshutdown$$00000010  c_w.l(libshutdown2.o)
    0x08000168   0x08000168   0x00000000   Code   RO         2974    .ARM.Collect$$rtentry$$00000000  c_w.l(__rtentry.o)
    0x08000168   0x08000168   0x00000000   Code   RO         2983    .ARM.Collect$$rtentry$$00000002  c_w.l(__rtentry2.o)
    0x08000168   0x08000168   0x00000006   Code   RO         2995    .ARM.Collect$$rtentry$$00000004  c_w.l(__rtentry4.o)
    0x0800016e   0x0800016e   0x00000000   Code   RO         2985    .ARM.Collect$$rtentry$$00000009  c_w.l(__rtentry2.o)
    0x0800016e   0x0800016e   0x00000004   Code   RO         2986    .ARM.Collect$$rtentry$$0000000A  c_w.l(__rtentry2.o)
    0x08000172   0x08000172   0x00000000   Code   RO         2988    .ARM.Collect$$rtentry$$0000000C  c_w.l(__rtentry2.o)
    0x08000172   0x08000172   0x00000008   Code   RO         2989    .ARM.Collect$$rtentry$$0000000D  c_w.l(__rtentry2.o)
    0x0800017a   0x0800017a   0x00000002   Code   RO         3010    .ARM.Collect$$rtexit$$00000000  c_w.l(rtexit.o)
    0x0800017c   0x0800017c   0x00000000   Code   RO         3058    .ARM.Collect$$rtexit$$00000002  c_w.l(rtexit2.o)
    0x0800017c   0x0800017c   0x00000004   Code   RO         3059    .ARM.Collect$$rtexit$$00000003  c_w.l(rtexit2.o)
    0x08000180   0x08000180   0x00000006   Code   RO         3060    .ARM.Collect$$rtexit$$00000004  c_w.l(rtexit2.o)
    0x08000186   0x08000186   0x00000002   PAD
    0x08000188   0x08000188   0x00000040   Code   RO            4    .text               startup_stm32f103xb.o
    0x080001c8   0x080001c8   0x00000010   Code   RO         2954    .text               c_w.l(aeabi_memset.o)
    0x080001d8   0x080001d8   0x0000004e   Code   RO         2956    .text               c_w.l(rt_memclr_w.o)
    0x08000226   0x08000226   0x00000006   Code   RO         2958    .text               c_w.l(heapauxi.o)
    0x0800022c   0x0800022c   0x00000044   Code   RO         2975    .text               c_w.l(rt_memclr.o)
    0x08000270   0x08000270   0x0000004a   Code   RO         2997    .text               c_w.l(sys_stackheap_outer.o)
    0x080002ba   0x080002ba   0x00000012   Code   RO         2999    .text               c_w.l(exit.o)
    0x080002cc   0x080002cc   0x00000008   Code   RO         3007    .text               c_w.l(libspace.o)
    0x080002d4   0x080002d4   0x0000000c   Code   RO         3068    .text               c_w.l(sys_exit.o)
    0x080002e0   0x080002e0   0x00000002   Code   RO         3079    .text               c_w.l(use_no_semi.o)
    0x080002e2   0x080002e2   0x00000000   Code   RO         3081    .text               c_w.l(indicate_semi.o)
    0x080002e2   0x080002e2   0x00000002   Code   RO          393    i.BusFault_Handler  stm32f1xx_it.o
    0x080002e4   0x080002e4   0x0000001c   Code   RO           14    i.Cal_CheckSum      user.o
    0x08000300   0x08000300   0x0000004c   Code   RO           15    i.Check_connection_Slave  user.o
    0x0800034c   0x0800034c   0x0000000c   Code   RO          394    i.DMA1_Channel2_IRQHandler  stm32f1xx_it.o
    0x08000358   0x08000358   0x0000000c   Code   RO          395    i.DMA1_Channel3_IRQHandler  stm32f1xx_it.o
    0x08000364   0x08000364   0x0000000c   Code   RO          396    i.DMA1_Channel6_IRQHandler  stm32f1xx_it.o
    0x08000370   0x08000370   0x0000000c   Code   RO          397    i.DMA1_Channel7_IRQHandler  stm32f1xx_it.o
    0x0800037c   0x0800037c   0x0000002a   Code   RO         1955    i.DMA_SetConfig     stm32f1xx_hal_dma.o
    0x080003a6   0x080003a6   0x00000002   Code   RO          398    i.DebugMon_Handler  stm32f1xx_it.o
    0x080003a8   0x080003a8   0x00000002   Code   RO           16    i.Debug_Function    user.o
    0x080003aa   0x080003aa   0x00000004   Code   RO          326    i.Error_Handler     main.o
    0x080003ae   0x080003ae   0x00000002   PAD
    0x080003b0   0x080003b0   0x000000c8   Code   RO           17    i.Flash_Led         user.o
    0x08000478   0x08000478   0x00000046   Code   RO         1956    i.HAL_DMA_Abort     stm32f1xx_hal_dma.o
    0x080004be   0x080004be   0x00000002   PAD
    0x080004c0   0x080004c0   0x00000098   Code   RO         1957    i.HAL_DMA_Abort_IT  stm32f1xx_hal_dma.o
    0x08000558   0x08000558   0x00000154   Code   RO         1961    i.HAL_DMA_IRQHandler  stm32f1xx_hal_dma.o
    0x080006ac   0x080006ac   0x0000005c   Code   RO         1962    i.HAL_DMA_Init      stm32f1xx_hal_dma.o
    0x08000708   0x08000708   0x00000070   Code   RO         1966    i.HAL_DMA_Start_IT  stm32f1xx_hal_dma.o
    0x08000778   0x08000778   0x00000024   Code   RO         1582    i.HAL_Delay         stm32f1xx_hal.o
    0x0800079c   0x0800079c   0x000001e0   Code   RO         1892    i.HAL_GPIO_Init     stm32f1xx_hal_gpio.o
    0x0800097c   0x0800097c   0x0000000a   Code   RO         1894    i.HAL_GPIO_ReadPin  stm32f1xx_hal_gpio.o
    0x08000986   0x08000986   0x0000000a   Code   RO         1896    i.HAL_GPIO_WritePin  stm32f1xx_hal_gpio.o
    0x08000990   0x08000990   0x0000000c   Code   RO         1586    i.HAL_GetTick       stm32f1xx_hal.o
    0x0800099c   0x0800099c   0x00000010   Code   RO         1592    i.HAL_IncTick       stm32f1xx_hal.o
    0x080009ac   0x080009ac   0x00000024   Code   RO         1593    i.HAL_Init          stm32f1xx_hal.o
    0x080009d0   0x080009d0   0x00000040   Code   RO         1594    i.HAL_InitTick      stm32f1xx_hal.o
    0x08000a10   0x08000a10   0x0000003c   Code   RO          517    i.HAL_MspInit       stm32f1xx_hal_msp.o
    0x08000a4c   0x08000a4c   0x0000001a   Code   RO         2052    i.HAL_NVIC_EnableIRQ  stm32f1xx_hal_cortex.o
    0x08000a66   0x08000a66   0x00000002   PAD
    0x08000a68   0x08000a68   0x00000040   Code   RO         2058    i.HAL_NVIC_SetPriority  stm32f1xx_hal_cortex.o
    0x08000aa8   0x08000aa8   0x00000024   Code   RO         2059    i.HAL_NVIC_SetPriorityGrouping  stm32f1xx_hal_cortex.o
    0x08000acc   0x08000acc   0x0000012c   Code   RO         1750    i.HAL_RCC_ClockConfig  stm32f1xx_hal_rcc.o
    0x08000bf8   0x08000bf8   0x00000020   Code   RO         1757    i.HAL_RCC_GetPCLK1Freq  stm32f1xx_hal_rcc.o
    0x08000c18   0x08000c18   0x00000020   Code   RO         1758    i.HAL_RCC_GetPCLK2Freq  stm32f1xx_hal_rcc.o
    0x08000c38   0x08000c38   0x0000004c   Code   RO         1759    i.HAL_RCC_GetSysClockFreq  stm32f1xx_hal_rcc.o
    0x08000c84   0x08000c84   0x00000320   Code   RO         1762    i.HAL_RCC_OscConfig  stm32f1xx_hal_rcc.o
    0x08000fa4   0x08000fa4   0x00000028   Code   RO         2063    i.HAL_SYSTICK_Config  stm32f1xx_hal_cortex.o
    0x08000fcc   0x08000fcc   0x00000002   Code   RO         1308    i.HAL_TIMEx_BreakCallback  stm32f1xx_hal_tim_ex.o
    0x08000fce   0x08000fce   0x00000002   Code   RO         1309    i.HAL_TIMEx_CommutCallback  stm32f1xx_hal_tim_ex.o
    0x08000fd0   0x08000fd0   0x00000068   Code   RO         1327    i.HAL_TIMEx_MasterConfigSynchronization  stm32f1xx_hal_tim_ex.o
    0x08001038   0x08001038   0x0000005a   Code   RO          604    i.HAL_TIM_Base_Init  stm32f1xx_hal_tim.o
    0x08001092   0x08001092   0x00000002   PAD
    0x08001094   0x08001094   0x00000060   Code   RO          519    i.HAL_TIM_Base_MspInit  stm32f1xx_hal_msp.o
    0x080010f4   0x080010f4   0x00000058   Code   RO          609    i.HAL_TIM_Base_Start_IT  stm32f1xx_hal_tim.o
    0x0800114c   0x0800114c   0x000000dc   Code   RO          613    i.HAL_TIM_ConfigClockSource  stm32f1xx_hal_tim.o
    0x08001228   0x08001228   0x00000002   Code   RO          638    i.HAL_TIM_IC_CaptureCallback  stm32f1xx_hal_tim.o
    0x0800122a   0x0800122a   0x00000130   Code   RO          652    i.HAL_TIM_IRQHandler  stm32f1xx_hal_tim.o
    0x0800135a   0x0800135a   0x00000002   Code   RO          655    i.HAL_TIM_OC_DelayElapsedCallback  stm32f1xx_hal_tim.o
    0x0800135c   0x0800135c   0x00000002   Code   RO          682    i.HAL_TIM_PWM_PulseFinishedCallback  stm32f1xx_hal_tim.o
    0x0800135e   0x0800135e   0x00000002   PAD
    0x08001360   0x08001360   0x0000007c   Code   RO           18    i.HAL_TIM_PeriodElapsedCallback  user.o
    0x080013dc   0x080013dc   0x00000002   Code   RO          695    i.HAL_TIM_TriggerCallback  stm32f1xx_hal_tim.o
    0x080013de   0x080013de   0x00000002   Code   RO         2564    i.HAL_UARTEx_RxEventCallback  stm32f1xx_hal_uart.o
    0x080013e0   0x080013e0   0x00000002   Code   RO         2578    i.HAL_UART_ErrorCallback  stm32f1xx_hal_uart.o
    0x080013e2   0x080013e2   0x00000002   PAD
    0x080013e4   0x080013e4   0x0000026c   Code   RO         2581    i.HAL_UART_IRQHandler  stm32f1xx_hal_uart.o
    0x08001650   0x08001650   0x00000064   Code   RO         2582    i.HAL_UART_Init     stm32f1xx_hal_uart.o
    0x080016b4   0x080016b4   0x000001e4   Code   RO          521    i.HAL_UART_MspInit  stm32f1xx_hal_msp.o
    0x08001898   0x08001898   0x0000001c   Code   RO         2587    i.HAL_UART_Receive_IT  stm32f1xx_hal_uart.o
    0x080018b4   0x080018b4   0x0000002c   Code   RO          218    i.HAL_UART_RxCpltCallback  slave.o
    0x080018e0   0x080018e0   0x00000078   Code   RO         2591    i.HAL_UART_Transmit_DMA  stm32f1xx_hal_uart.o
    0x08001958   0x08001958   0x00000002   Code   RO         2593    i.HAL_UART_TxCpltCallback  stm32f1xx_hal_uart.o
    0x0800195a   0x0800195a   0x00000002   Code   RO         2594    i.HAL_UART_TxHalfCpltCallback  stm32f1xx_hal_uart.o
    0x0800195c   0x0800195c   0x0000003c   Code   RO          219    i.Handle_Slave_RX   slave.o
    0x08001998   0x08001998   0x00000002   Code   RO          399    i.HardFault_Handler  stm32f1xx_it.o
    0x0800199a   0x0800199a   0x00000002   PAD
    0x0800199c   0x0800199c   0x00000118   Code   RO          327    i.MX_GPIO_Init      main.o
    0x08001ab4   0x08001ab4   0x00000068   Code   RO          328    i.MX_TIM1_Init      main.o
    0x08001b1c   0x08001b1c   0x00000068   Code   RO          329    i.MX_TIM2_Init      main.o
    0x08001b84   0x08001b84   0x000000cc   Code   RO           21    i.Master_Init_Func  user.o
    0x08001c50   0x08001c50   0x00000004   Code   RO           22    i.Master_Process    user.o
    0x08001c54   0x08001c54   0x00000002   Code   RO          400    i.MemManage_Handler  stm32f1xx_it.o
    0x08001c56   0x08001c56   0x00000002   Code   RO          401    i.NMI_Handler       stm32f1xx_it.o
    0x08001c58   0x08001c58   0x00000024   Code   RO          220    i.On_Mode_Receive_Slave  slave.o
    0x08001c7c   0x08001c7c   0x00000024   Code   RO          221    i.On_Mode_Send_Slave  slave.o
    0x08001ca0   0x08001ca0   0x00000002   Code   RO          402    i.PendSV_Handler    stm32f1xx_it.o
    0x08001ca2   0x08001ca2   0x00000002   PAD
    0x08001ca4   0x08001ca4   0x00000058   Code   RO          222    i.Read_Slave        slave.o
    0x08001cfc   0x08001cfc   0x00000002   Code   RO          403    i.SVC_Handler       stm32f1xx_it.o
    0x08001cfe   0x08001cfe   0x00000002   PAD
    0x08001d00   0x08001d00   0x00000104   Code   RO          223    i.SendCMD_Slave     slave.o
    0x08001e04   0x08001e04   0x00000030   Code   RO           23    i.Send_Slave_Period  user.o
    0x08001e34   0x08001e34   0x0000002c   Code   RO          224    i.Send_Slave_Sync   slave.o
    0x08001e60   0x08001e60   0x0000008c   Code   RO          225    i.Slave_Init_Func   slave.o
    0x08001eec   0x08001eec   0x00000004   Code   RO          404    i.SysTick_Handler   stm32f1xx_it.o
    0x08001ef0   0x08001ef0   0x0000005e   Code   RO          330    i.SystemClock_Config  main.o
    0x08001f4e   0x08001f4e   0x00000002   Code   RO         2916    i.SystemInit        system_stm32f1xx.o
    0x08001f50   0x08001f50   0x0000000c   Code   RO          405    i.TIM1_UP_IRQHandler  stm32f1xx_it.o
    0x08001f5c   0x08001f5c   0x0000000c   Code   RO          406    i.TIM2_IRQHandler   stm32f1xx_it.o
    0x08001f68   0x08001f68   0x00000078   Code   RO          697    i.TIM_Base_SetConfig  stm32f1xx_hal_tim.o
    0x08001fe0   0x08001fe0   0x00000014   Code   RO          708    i.TIM_ETR_SetConfig  stm32f1xx_hal_tim.o
    0x08001ff4   0x08001ff4   0x00000010   Code   RO          709    i.TIM_ITRx_SetConfig  stm32f1xx_hal_tim.o
    0x08002004   0x08002004   0x00000022   Code   RO          715    i.TIM_TI1_ConfigInputStage  stm32f1xx_hal_tim.o
    0x08002026   0x08002026   0x00000024   Code   RO          717    i.TIM_TI2_ConfigInputStage  stm32f1xx_hal_tim.o
    0x0800204a   0x0800204a   0x00000010   Code   RO         2595    i.UART_DMAAbortOnError  stm32f1xx_hal_uart.o
    0x0800205a   0x0800205a   0x0000004a   Code   RO         2596    i.UART_DMAError     stm32f1xx_hal_uart.o
    0x080020a4   0x080020a4   0x00000042   Code   RO         2601    i.UART_DMATransmitCplt  stm32f1xx_hal_uart.o
    0x080020e6   0x080020e6   0x0000000a   Code   RO         2603    i.UART_DMATxHalfCplt  stm32f1xx_hal_uart.o
    0x080020f0   0x080020f0   0x0000004e   Code   RO         2605    i.UART_EndRxTransfer  stm32f1xx_hal_uart.o
    0x0800213e   0x0800213e   0x0000001c   Code   RO         2606    i.UART_EndTxTransfer  stm32f1xx_hal_uart.o
    0x0800215a   0x0800215a   0x000000c2   Code   RO         2607    i.UART_Receive_IT   stm32f1xx_hal_uart.o
    0x0800221c   0x0800221c   0x000000b8   Code   RO         2608    i.UART_SetConfig    stm32f1xx_hal_uart.o
    0x080022d4   0x080022d4   0x00000036   Code   RO         2610    i.UART_Start_Receive_IT  stm32f1xx_hal_uart.o
    0x0800230a   0x0800230a   0x00000002   PAD
    0x0800230c   0x0800230c   0x0000000c   Code   RO          407    i.USART2_IRQHandler  stm32f1xx_it.o
    0x08002318   0x08002318   0x0000000c   Code   RO          408    i.USART3_IRQHandler  stm32f1xx_it.o
    0x08002324   0x08002324   0x00000002   Code   RO          409    i.UsageFault_Handler  stm32f1xx_it.o
    0x08002326   0x08002326   0x00000002   PAD
    0x08002328   0x08002328   0x0000002c   Code   RO          226    i.Wait_Send_Slave   slave.o
    0x08002354   0x08002354   0x00000020   Code   RO         2065    i.__NVIC_SetPriority  stm32f1xx_hal_cortex.o
    0x08002374   0x08002374   0x00000020   Code   RO           24    i.getMicroSecond    user.o
    0x08002394   0x08002394   0x00000124   Code   RO          331    i.main              main.o
    0x080024b8   0x080024b8   0x00000184   Code   RO         2963    x$fpl$fdiv          fz_ws.l(fdiv.o)
    0x0800263c   0x0800263c   0x00000026   Code   RO         2966    x$fpl$ffltu         fz_ws.l(fflt_clz.o)
    0x08002662   0x08002662   0x00000002   PAD
    0x08002664   0x08002664   0x00000102   Code   RO         2972    x$fpl$fmul          fz_ws.l(fmul.o)
    0x08002766   0x08002766   0x0000008c   Code   RO         2977    x$fpl$fnaninf       fz_ws.l(fnaninf.o)
    0x080027f2   0x080027f2   0x0000000a   Code   RO         2979    x$fpl$fretinf       fz_ws.l(fretinf.o)
    0x080027fc   0x080027fc   0x00000000   Code   RO         2981    x$fpl$usenofp       fz_ws.l(usenofp.o)
    0x080027fc   0x080027fc   0x00000012   Data   RO         1763    .constdata          stm32f1xx_hal_rcc.o
    0x0800280e   0x0800280e   0x00000010   Data   RO         2917    .constdata          system_stm32f1xx.o
    0x0800281e   0x0800281e   0x00000008   Data   RO         2918    .constdata          system_stm32f1xx.o
    0x08002826   0x08002826   0x00000002   PAD
    0x08002828   0x08002828   0x00000020   Data   RO         3134    Region$$Table       anon$$obj.o


    Execution Region RW_IRAM1 (Exec base: 0x20000000, Load base: 0x08002848, Size: 0x00000a60, Max: 0x00005000, ABSOLUTE)

    Exec Addr    Load Addr    Size         Type   Attr      Idx    E Section Name        Object

    0x20000000   0x08002848   0x00000028   Data   RW           25    .data               user.o
    0x20000028   0x08002870   0x00000004   Data   RW           26    .data               user.o
    0x2000002c   0x08002874   0x00000004   Data   RW           27    .data               user.o
    0x20000030   0x08002878   0x00000014   Data   RW          228    .data               slave.o
    0x20000044   0x0800288c   0x00000004   Data   RW          337    .data               main.o
    0x20000048   0x08002890   0x00000002   Data   RW          339    .data               main.o
    0x2000004a   0x08002892   0x00000002   PAD
    0x2000004c   0x08002894   0x0000000c   Data   RW         1600    .data               stm32f1xx_hal.o
    0x20000058   0x080028a0   0x00000004   Data   RW         2919    .data               system_stm32f1xx.o
    0x2000005c        -       0x0000012c   Zero   RW          227    .bss                slave.o
    0x20000188        -       0x00000168   Zero   RW          332    .bss                main.o
    0x200002f0        -       0x00000044   Zero   RW          333    .bss                main.o
    0x20000334        -       0x00000044   Zero   RW          334    .bss                main.o
    0x20000378        -       0x00000044   Zero   RW          335    .bss                main.o
    0x200003bc        -       0x00000044   Zero   RW          336    .bss                main.o
    0x20000400        -       0x00000060   Zero   RW         3008    .bss                c_w.l(libspace.o)
    0x20000460        -       0x00000200   Zero   RW            2    HEAP                startup_stm32f103xb.o
    0x20000660        -       0x00000400   Zero   RW            1    STACK               startup_stm32f103xb.o


==============================================================================

Image component sizes


      Code (inc. data)   RO Data    RW Data    ZI Data      Debug   Object Name

       878         62          0          6        632       5363   main.o
       752         84          0         20        300       7416   slave.o
        64         26        236          0       1536        840   startup_stm32f103xb.o
       164         28          0         12          0       6133   stm32f1xx_hal.o
       198         14          0          0          0      29115   stm32f1xx_hal_cortex.o
       808         36          0          0          0       5190   stm32f1xx_hal_dma.o
       500         34          0          0          0       3631   stm32f1xx_hal_gpio.o
       640         62          0          0          0       2982   stm32f1xx_hal_msp.o
      1240         84         18          0          0       5284   stm32f1xx_hal_rcc.o
       936         24          0          0          0      10253   stm32f1xx_hal_tim.o
       108         12          0          0          0       2517   stm32f1xx_hal_tim_ex.o
      1580         24          0          0          0      13018   stm32f1xx_hal_uart.o
       116         48          0          0          0       7897   stm32f1xx_it.o
         2          0         24          4          0       1203   system_stm32f1xx.o
       718         74          0         48          0     432915   user.o

    ----------------------------------------------------------------------
      8726        612        312         92       2468     533757   Object Totals
         0          0         32          0          0          0   (incl. Generated)
        22          0          2          2          0          0   (incl. Padding)

    ----------------------------------------------------------------------

      Code (inc. data)   RO Data    RW Data    ZI Data      Debug   Library Member Name

         8          0          0          0          0         68   __main.o
         0          0          0          0          0          0   __rtentry.o
        12          0          0          0          0          0   __rtentry2.o
         6          0          0          0          0          0   __rtentry4.o
        52          8          0          0          0          0   __scatter.o
        26          0          0          0          0          0   __scatter_copy.o
        28          0          0          0          0          0   __scatter_zi.o
        16          0          0          0          0         68   aeabi_memset.o
        18          0          0          0          0         80   exit.o
         6          0          0          0          0        152   heapauxi.o
         0          0          0          0          0          0   indicate_semi.o
         2          0          0          0          0          0   libinit.o
         2          0          0          0          0          0   libinit2.o
         2          0          0          0          0          0   libshutdown.o
         2          0          0          0          0          0   libshutdown2.o
         8          4          0          0         96         68   libspace.o
        68          0          0          0          0         68   rt_memclr.o
        78          0          0          0          0         80   rt_memclr_w.o
         2          0          0          0          0          0   rtexit.o
        10          0          0          0          0          0   rtexit2.o
        12          4          0          0          0         68   sys_exit.o
        74          0          0          0          0         80   sys_stackheap_outer.o
         2          0          0          0          0         68   use_no_semi.o
       388         76          0          0          0         96   fdiv.o
        38          0          0          0          0         68   fflt_clz.o
       258          4          0          0          0         84   fmul.o
       140          4          0          0          0         84   fnaninf.o
        10          0          0          0          0         68   fretinf.o
         0          0          0          0          0          0   usenofp.o

    ----------------------------------------------------------------------
      1274        100          0          0         96       1200   Library Totals
         6          0          0          0          0          0   (incl. Padding)

    ----------------------------------------------------------------------

      Code (inc. data)   RO Data    RW Data    ZI Data      Debug   Library Name

       434         16          0          0         96        800   c_w.l
       834         84          0          0          0        400   fz_ws.l

    ----------------------------------------------------------------------
      1274        100          0          0         96       1200   Library Totals

    ----------------------------------------------------------------------

==============================================================================


      Code (inc. data)   RO Data    RW Data    ZI Data      Debug   

     10000        712        312         92       2564     529337   Grand Totals
     10000        712        312         92       2564     529337   ELF Image Totals
     10000        712        312         92          0          0   ROM Totals

==============================================================================

    Total RO  Size (Code + RO Data)                10312 (  10.07kB)
    Total RW  Size (RW Data + ZI Data)              2656 (   2.59kB)
    Total ROM Size (Code + RO Data + RW Data)      10404 (  10.16kB)

==============================================================================

